Archive member included to satisfy reference by file (symbol)

C:\Users\yanis\STM32CubeIDE\workspace_1.19.0\projet_L3\projet_L3\Drivers\CMSIS\Lib\GCC\libarm_cortexM7lfsp_math.a(arm_mean_f32.o)
                              ./Core/Src/main.o (arm_mean_f32)
C:\Users\yanis\STM32CubeIDE\workspace_1.19.0\projet_L3\projet_L3\Drivers\CMSIS\Lib\GCC\libarm_cortexM7lfsp_math.a(arm_max_f32.o)
                              ./Core/Src/main.o (arm_max_f32)
C:\Users\yanis\STM32CubeIDE\workspace_1.19.0\projet_L3\projet_L3\Drivers\CMSIS\Lib\GCC\libarm_cortexM7lfsp_math.a(arm_rfft_fast_init_f32.o)
                              ./Core/Src/main.o (arm_rfft_fast_init_f32)
C:\Users\yanis\STM32CubeIDE\workspace_1.19.0\projet_L3\projet_L3\Drivers\CMSIS\Lib\GCC\libarm_cortexM7lfsp_math.a(arm_rfft_fast_f32.o)
                              ./Core/Src/main.o (arm_rfft_fast_f32)
C:\Users\yanis\STM32CubeIDE\workspace_1.19.0\projet_L3\projet_L3\Drivers\CMSIS\Lib\GCC\libarm_cortexM7lfsp_math.a(arm_cfft_f32.o)
                              C:\Users\yanis\STM32CubeIDE\workspace_1.19.0\projet_L3\projet_L3\Drivers\CMSIS\Lib\GCC\libarm_cortexM7lfsp_math.a(arm_rfft_fast_f32.o) (arm_cfft_f32)
C:\Users\yanis\STM32CubeIDE\workspace_1.19.0\projet_L3\projet_L3\Drivers\CMSIS\Lib\GCC\libarm_cortexM7lfsp_math.a(arm_cmplx_mag_f32.o)
                              ./Core/Src/main.o (arm_cmplx_mag_f32)
C:\Users\yanis\STM32CubeIDE\workspace_1.19.0\projet_L3\projet_L3\Drivers\CMSIS\Lib\GCC\libarm_cortexM7lfsp_math.a(arm_cos_f32.o)
                              ./Core/Src/main.o (arm_cos_f32)
C:\Users\yanis\STM32CubeIDE\workspace_1.19.0\projet_L3\projet_L3\Drivers\CMSIS\Lib\GCC\libarm_cortexM7lfsp_math.a(arm_mult_f32.o)
                              ./Core/Src/main.o (arm_mult_f32)
C:\Users\yanis\STM32CubeIDE\workspace_1.19.0\projet_L3\projet_L3\Drivers\CMSIS\Lib\GCC\libarm_cortexM7lfsp_math.a(arm_common_tables.o)
                              C:\Users\yanis\STM32CubeIDE\workspace_1.19.0\projet_L3\projet_L3\Drivers\CMSIS\Lib\GCC\libarm_cortexM7lfsp_math.a(arm_cos_f32.o) (sinTable_f32)
C:\Users\yanis\STM32CubeIDE\workspace_1.19.0\projet_L3\projet_L3\Drivers\CMSIS\Lib\GCC\libarm_cortexM7lfsp_math.a(arm_bitreversal2.o)
                              C:\Users\yanis\STM32CubeIDE\workspace_1.19.0\projet_L3\projet_L3\Drivers\CMSIS\Lib\GCC\libarm_cortexM7lfsp_math.a(arm_cfft_f32.o) (arm_bitreversal_32)
C:\Users\yanis\STM32CubeIDE\workspace_1.19.0\projet_L3\projet_L3\Drivers\CMSIS\Lib\GCC\libarm_cortexM7lfsp_math.a(arm_cfft_radix8_f32.o)
                              C:\Users\yanis\STM32CubeIDE\workspace_1.19.0\projet_L3\projet_L3\Drivers\CMSIS\Lib\GCC\libarm_cortexM7lfsp_math.a(arm_cfft_f32.o) (arm_radix8_butterfly_f32)
C:/ST/STM32CubeIDE_1.19.0/STM32CubeIDE/plugins/com.st.stm32cube.ide.mcu.externaltools.gnu-tools-for-stm32.13.3.rel1.win32_1.0.0.202411081344/tools/bin/../lib/gcc/arm-none-eabi/13.3.1/../../../../arm-none-eabi/lib/thumb/v7e-m+dp/hard\libm.a(libm_a-wf_fmod.o)
                              ./Core/Src/main.o (fmodf)
C:/ST/STM32CubeIDE_1.19.0/STM32CubeIDE/plugins/com.st.stm32cube.ide.mcu.externaltools.gnu-tools-for-stm32.13.3.rel1.win32_1.0.0.202411081344/tools/bin/../lib/gcc/arm-none-eabi/13.3.1/../../../../arm-none-eabi/lib/thumb/v7e-m+dp/hard\libm.a(libm_a-wf_log10.o)
                              ./Core/Src/main.o (log10f)
C:/ST/STM32CubeIDE_1.19.0/STM32CubeIDE/plugins/com.st.stm32cube.ide.mcu.externaltools.gnu-tools-for-stm32.13.3.rel1.win32_1.0.0.202411081344/tools/bin/../lib/gcc/arm-none-eabi/13.3.1/../../../../arm-none-eabi/lib/thumb/v7e-m+dp/hard\libm.a(libm_a-wf_sqrt.o)
                              C:\Users\yanis\STM32CubeIDE\workspace_1.19.0\projet_L3\projet_L3\Drivers\CMSIS\Lib\GCC\libarm_cortexM7lfsp_math.a(arm_cmplx_mag_f32.o) (sqrtf)
C:/ST/STM32CubeIDE_1.19.0/STM32CubeIDE/plugins/com.st.stm32cube.ide.mcu.externaltools.gnu-tools-for-stm32.13.3.rel1.win32_1.0.0.202411081344/tools/bin/../lib/gcc/arm-none-eabi/13.3.1/../../../../arm-none-eabi/lib/thumb/v7e-m+dp/hard\libm.a(libm_a-sf_nan.o)
                              C:/ST/STM32CubeIDE_1.19.0/STM32CubeIDE/plugins/com.st.stm32cube.ide.mcu.externaltools.gnu-tools-for-stm32.13.3.rel1.win32_1.0.0.202411081344/tools/bin/../lib/gcc/arm-none-eabi/13.3.1/../../../../arm-none-eabi/lib/thumb/v7e-m+dp/hard\libm.a(libm_a-wf_log10.o) (nanf)
C:/ST/STM32CubeIDE_1.19.0/STM32CubeIDE/plugins/com.st.stm32cube.ide.mcu.externaltools.gnu-tools-for-stm32.13.3.rel1.win32_1.0.0.202411081344/tools/bin/../lib/gcc/arm-none-eabi/13.3.1/../../../../arm-none-eabi/lib/thumb/v7e-m+dp/hard\libm.a(libm_a-sf_pow.o)
                              ./Core/Src/main.o (powf)
C:/ST/STM32CubeIDE_1.19.0/STM32CubeIDE/plugins/com.st.stm32cube.ide.mcu.externaltools.gnu-tools-for-stm32.13.3.rel1.win32_1.0.0.202411081344/tools/bin/../lib/gcc/arm-none-eabi/13.3.1/../../../../arm-none-eabi/lib/thumb/v7e-m+dp/hard\libm.a(libm_a-sinf.o)
                              ./Core/Src/main.o (sinf)
[...]
Memory Configuration

Name             Origin             Length             Attributes
RAM              0x20000000         0x00080000         xrw
FLASH            0x08000000         0x00200000         xr
*default*        0x00000000         0xffffffff

Linker script and memory map

LOAD C:/ST/STM32CubeIDE_1.19.0/STM32CubeIDE/plugins/com.st.stm32cube.ide.mcu.externaltools.gnu-tools-for-stm32.13.3.rel1.win32_1.0.0.202411081344/tools/bin/../lib/gcc/arm-none-eabi/13.3.1/thumb/v7e-m+dp/hard/crti.o
LOAD C:/ST/STM32CubeIDE_1.19.0/STM32CubeIDE/plugins/com.st.stm32cube.ide.mcu.externaltools.gnu-tools-for-stm32.13.3.rel1.win32_1.0.0.202411081344/tools/bin/../lib/gcc/arm-none-eabi/13.3.1/thumb/v7e-m+dp/hard/crtbegin.o
LOAD C:/ST/STM32CubeIDE_1.19.0/STM32CubeIDE/plugins/com.st.stm32cube.ide.mcu.externaltools.gnu-tools-for-stm32.13.3.rel1.win32_1.0.0.202411081344/tools/bin/../lib/gcc/arm-none-eabi/13.3.1/../../../../arm-none-eabi/lib/thumb/v7e-m+dp/hard/crt0.o
LOAD ./Core/Src/main.o
LOAD ./Core/Src/ssd1306.o
LOAD ./Core/Src/stm32f7xx_hal_msp.o
LOAD ./Core/Src/stm32f7xx_it.o
LOAD ./Core/Src/syscalls.o
LOAD ./Core/Src/sysmem.o
LOAD ./Core/Src/system_stm32f7xx.o
LOAD ./Core/Startup/startup_stm32f767zitx.o
LOAD ./Drivers/STM32F7xx_HAL_Driver/Src/stm32f7xx_hal.o
LOAD ./Drivers/STM32F7xx_HAL_Driver/Src/stm32f7xx_hal_adc.o
LOAD ./Drivers/STM32F7xx_HAL_Driver/Src/stm32f7xx_hal_adc_ex.o
LOAD ./Drivers/STM32F7xx_HAL_Driver/Src/stm32f7xx_hal_cortex.o
LOAD ./Drivers/STM32F7xx_HAL_Driver/Src/stm32f7xx_hal_dac.o
LOAD ./Drivers/STM32F7xx_HAL_Driver/Src/stm32f7xx_hal_dac_ex.o
LOAD ./Drivers/STM32F7xx_HAL_Driver/Src/stm32f7xx_hal_dma.o
LOAD ./Drivers/STM32F7xx_HAL_Driver/Src/stm32f7xx_hal_dma_ex.o
LOAD ./Drivers/STM32F7xx_HAL_Driver/Src/stm32f7xx_hal_eth.o
LOAD ./Drivers/STM32F7xx_HAL_Driver/Src/stm32f7xx_hal_exti.o
LOAD ./Drivers/STM32F7xx_HAL_Driver/Src/stm32f7xx_hal_flash.o
LOAD ./Drivers/STM32F7xx_HAL_Driver/Src/stm32f7xx_hal_flash_ex.o
LOAD ./Drivers/STM32F7xx_HAL_Driver/Src/stm32f7xx_hal_gpio.o
LOAD ./Drivers/STM32F7xx_HAL_Driver/Src/stm32f7xx_hal_i2c.o
LOAD ./Drivers/STM32F7xx_HAL_Driver/Src/stm32f7xx_hal_i2c_ex.o
LOAD ./Drivers/STM32F7xx_HAL_Driver/Src/stm32f7xx_hal_pcd.o
LOAD ./Drivers/STM32F7xx_HAL_Driver/Src/stm32f7xx_hal_pcd_ex.o
LOAD ./Drivers/STM32F7xx_HAL_Driver/Src/stm32f7xx_hal_pwr.o
LOAD ./Drivers/STM32F7xx_HAL_Driver/Src/stm32f7xx_hal_pwr_ex.o
LOAD ./Drivers/STM32F7xx_HAL_Driver/Src/stm32f7xx_hal_rcc.o
LOAD ./Drivers/STM32F7xx_HAL_Driver/Src/stm32f7xx_hal_rcc_ex.o
LOAD ./Drivers/STM32F7xx_HAL_Driver/Src/stm32f7xx_hal_tim.o
LOAD ./Drivers/STM32F7xx_HAL_Driver/Src/stm32f7xx_hal_tim_ex.o
LOAD ./Drivers/STM32F7xx_HAL_Driver/Src/stm32f7xx_hal_uart.o
LOAD ./Drivers/STM32F7xx_HAL_Driver/Src/stm32f7xx_hal_uart_ex.o
LOAD ./Drivers/STM32F7xx_HAL_Driver/Src/stm32f7xx_ll_usb.o
LOAD C:\Users\yanis\STM32CubeIDE\workspace_1.19.0\projet_L3\projet_L3\Drivers\CMSIS\Lib\GCC\libarm_cortexM7lfsp_math.a
START GROUP
LOAD C:/ST/STM32CubeIDE_1.19.0/STM32CubeIDE/plugins/com.st.stm32cube.ide.mcu.externaltools.gnu-tools-for-stm32.13.3.rel1.win32_1.0.0.202411081344/tools/bin/../lib/gcc/arm-none-eabi/13.3.1/../../../../arm-none-eabi/lib/thumb/v7e-m+dp/hard\libstdc++_nano.a
LOAD C:/ST/STM32CubeIDE_1.19.0/STM32CubeIDE/plugins/com.st.stm32cube.ide.mcu.externaltools.gnu-tools-for-stm32.13.3.rel1.win32_1.0.0.202411081344/tools/bin/../lib/gcc/arm-none-eabi/13.3.1/../../../../arm-none-eabi/lib/thumb/v7e-m+dp/hard\libsupc++_nano.a
END GROUP
LOAD C:/ST/STM32CubeIDE_1.19.0/STM32CubeIDE/plugins/com.st.stm32cube.ide.mcu.externaltools.gnu-tools-for-stm32.13.3.rel1.win32_1.0.0.202411081344/tools/bin/../lib/gcc/arm-none-eabi/13.3.1/../../../../arm-none-eabi/lib/thumb/v7e-m+dp/hard\libstdc++_nano.a
LOAD C:/ST/STM32CubeIDE_1.19.0/STM32CubeIDE/plugins/com.st.stm32cube.ide.mcu.externaltools.gnu-tools-for-stm32.13.3.rel1.win32_1.0.0.202411081344/tools/bin/../lib/gcc/arm-none-eabi/13.3.1/../../../../arm-none-eabi/lib/thumb/v7e-m+dp/hard\libm.a
LOAD C:/ST/STM32CubeIDE_1.19.0/STM32CubeIDE/plugins/com.st.stm32cube.ide.mcu.externaltools.gnu-tools-for-stm32.13.3.rel1.win32_1.0.0.202411081344/tools/bin/../lib/gcc/arm-none-eabi/13.3.1/../../../../arm-none-eabi/lib/thumb/v7e-m+dp/hard\libc_nano.a
START GROUP
LOAD C:/ST/STM32CubeIDE_1.19.0/STM32CubeIDE/plugins/com.st.stm32cube.ide.mcu.externaltools.gnu-tools-for-stm32.13.3.rel1.win32_1.0.0.202411081344/tools/bin/../lib/gcc/arm-none-eabi/13.3.1/thumb/v7e-m+dp/hard\libgcc.a
LOAD C:/ST/STM32CubeIDE_1.19.0/STM32CubeIDE/plugins/com.st.stm32cube.ide.mcu.externaltools.gnu-tools-for-stm32.13.3.rel1.win32_1.0.0.202411081344/tools/bin/../lib/gcc/arm-none-eabi/13.3.1/../../../../arm-none-eabi/lib/thumb/v7e-m+dp/hard\libc_nano.a
END GROUP
START GROUP
LOAD C:/ST/STM32CubeIDE_1.19.0/STM32CubeIDE/plugins/com.st.stm32cube.ide.mcu.externaltools.gnu-tools-for-stm32.13.3.rel1.win32_1.0.0.202411081344/tools/bin/../lib/gcc/arm-none-eabi/13.3.1/thumb/v7e-m+dp/hard\libgcc.a
LOAD C:/ST/STM32CubeIDE_1.19.0/STM32CubeIDE/plugins/com.st.stm32cube.ide.mcu.externaltools.gnu-tools-for-stm32.13.3.rel1.win32_1.0.0.202411081344/tools/bin/../lib/gcc/arm-none-eabi/13.3.1/../../../../arm-none-eabi/lib/thumb/v7e-m+dp/hard\libc_nano.a
LOAD C:/ST/STM32CubeIDE_1.19.0/STM32CubeIDE/plugins/com.st.stm32cube.ide.mcu.externaltools.gnu-tools-for-stm32.13.3.rel1.win32_1.0.0.202411081344/tools/bin/../lib/gcc/arm-none-eabi/13.3.1/../../../../arm-none-eabi/lib/thumb/v7e-m+dp/hard\libnosys.a
END GROUP
START GROUP
LOAD C:/ST/STM32CubeIDE_1.19.0/STM32CubeIDE/plugins/com.st.stm32cube.ide.mcu.externaltools.gnu-tools-for-stm32.13.3.rel1.win32_1.0.0.202411081344/tools/bin/../lib/gcc/arm-none-eabi/13.3.1/thumb/v7e-m+dp/hard\libgcc.a
LOAD C:/ST/STM32CubeIDE_1.19.0/STM32CubeIDE/plugins/com.st.stm32cube.ide.mcu.externaltools.gnu-tools-for-stm32.13.3.rel1.win32_1.0.0.202411081344/tools/bin/../lib/gcc/arm-none-eabi/13.3.1/../../../../arm-none-eabi/lib/thumb/v7e-m+dp/hard\libc_nano.a
LOAD C:/ST/STM32CubeIDE_1.19.0/STM32CubeIDE/plugins/com.st.stm32cube.ide.mcu.externaltools.gnu-tools-for-stm32.13.3.rel1.win32_1.0.0.202411081344/tools/bin/../lib/gcc/arm-none-eabi/13.3.1/../../../../arm-none-eabi/lib/thumb/v7e-m+dp/hard\libnosys.a
END GROUP
LOAD C:/ST/STM32CubeIDE_1.19.0/STM32CubeIDE/plugins/com.st.stm32cube.ide.mcu.externaltools.gnu-tools-for-stm32.13.3.rel1.win32_1.0.0.202411081344/tools/bin/../lib/gcc/arm-none-eabi/13.3.1/thumb/v7e-m+dp/hard/crtend.o
LOAD C:/ST/STM32CubeIDE_1.19.0/STM32CubeIDE/plugins/com.st.stm32cube.ide.mcu.externaltools.gnu-tools-for-stm32.13.3.rel1.win32_1.0.0.202411081344/tools/bin/../lib/gcc/arm-none-eabi/13.3.1/thumb/v7e-m+dp/hard/crtn.o
                0x20080000                        _estack = (ORIGIN (RAM) + LENGTH (RAM))
                0x00000200                        _Min_Heap_Size = 0x200
                0x00000400                        _Min_Stack_Size = 0x400

.isr_vector     0x08000000      0x1f8
                0x08000000                        . = ALIGN (0x4)
 *(.isr_vector)
 .isr_vector    0x08000000      0x1f8 ./Core/Startup/startup_stm32f767zitx.o
                0x08000000                g_pfnVectors
                0x080001f8                        . = ALIGN (0x4)

.text           0x08000200     0xd5b8
                0x08000200                        . = ALIGN (0x4)
 *(.text)
 .text          0x08000200       0x40 C:/ST/STM32CubeIDE_1.19.0/STM32CubeIDE/plugins/com.st.stm32cube.ide.mcu.externaltools.gnu-tools-for-stm32.13.3.rel1.win32_1.0.0.202411081344/tools/bin/../lib/gcc/arm-none-eabi/13.3.1/thumb/v7e-m+dp/hard/crtbegin.o
 .text          0x08000240       0xc0 C:\Users\yanis\STM32CubeIDE\workspace_1.19.0\projet_L3\projet_L3\Drivers\CMSIS\Lib\GCC\libarm_cortexM7lfsp_math.a(arm_bitreversal2.o)
                0x08000240                arm_bitreversal_32
                0x080002aa                arm_bitreversal_16
 .text          0x08000300       0xa0 C:/ST/STM32CubeIDE_1.19.0/STM32CubeIDE/plugins/com.st.stm32cube.ide.mcu.externaltools.gnu-tools-for-stm32.13.3.rel1.win32_1.0.0.202411081344/tools/bin/../lib/gcc/arm-none-eabi/13.3.1/../../../../arm-none-eabi/lib/thumb/v7e-m+dp/hard\libc_nano.a(libc_a-memchr.o)
                0x08000300                memchr
 .text          0x080003a0       0x10 C:/ST/STM32CubeIDE_1.19.0/STM32CubeIDE/plugins/com.st.stm32cube.ide.mcu.externaltools.gnu-tools-for-stm32.13.3.rel1.win32_1.0.0.202411081344/tools/bin/../lib/gcc/arm-none-eabi/13.3.1/../../../../arm-none-eabi/lib/thumb/v7e-m+dp/hard\libc_nano.a(libc_a-strlen.o)
                0x080003a0                strlen
 .text          0x080003b0      0x378 C:/ST/STM32CubeIDE_1.19.0/STM32CubeIDE/plugins/com.st.stm32cube.ide.mcu.externaltools.gnu-tools-for-stm32.13.3.rel1.win32_1.0.0.202411081344/tools/bin/../lib/gcc/arm-none-eabi/13.3.1/thumb/v7e-m+dp/hard\libgcc.a(_arm_addsubdf3.o)
                0x080003b0                __aeabi_drsub
                0x080003b8                __aeabi_dsub
                0x080003b8                __subdf3
                0x080003bc                __aeabi_dadd
                0x080003bc                __adddf3
                0x08000634                __floatunsidf
                0x08000634                __aeabi_ui2d
                0x08000654                __floatsidf
                0x08000654                __aeabi_i2d
                0x08000678                __aeabi_f2d
                0x08000678                __extendsfdf2
                0x080006bc                __floatundidf
                0x080006bc                __aeabi_ul2d
                0x080006cc                __floatdidf
                0x080006cc                __aeabi_l2d
 .text          0x08000728       0x30 C:/ST/STM32CubeIDE_1.19.0/STM32CubeIDE/plugins/com.st.stm32cube.ide.mcu.externaltools.gnu-tools-for-stm32.13.3.rel1.win32_1.0.0.202411081344/tools/bin/../lib/gcc/arm-none-eabi/13.3.1/thumb/v7e-m+dp/hard\libgcc.a(_aeabi_uldivmod.o)
                0x08000728                __aeabi_uldivmod
 .text          0x08000758      0x2f8 C:/ST/STM32CubeIDE_1.19.0/STM32CubeIDE/plugins/com.st.stm32cube.ide.mcu.externaltools.gnu-tools-for-stm32.13.3.rel1.win32_1.0.0.202411081344/tools/bin/../lib/gcc/arm-none-eabi/13.3.1/thumb/v7e-m+dp/hard\libgcc.a(_udivmoddi4.o)
                0x08000758                __udivmoddi4
 .text          0x08000a50        0x4 C:/ST/STM32CubeIDE_1.19.0/STM32CubeIDE/plugins/com.st.stm32cube.ide.mcu.externaltools.gnu-tools-for-stm32.13.3.rel1.win32_1.0.0.202411081344/tools/bin/../lib/gcc/arm-none-eabi/13.3.1/thumb/v7e-m+dp/hard\libgcc.a(_dvmd_tls.o)
                0x08000a50                __aeabi_idiv0
                0x08000a50                __aeabi_ldiv0
 *(.text*)
 .text.SCB_EnableICache
                0x08000a54       0x4c ./Core/Src/main.o
 .text.ip_checksum
                0x08000aa0       0x68 ./Core/Src/main.o
 .text.udp_send_raw
                0x08000b08      0x254 ./Core/Src/main.o
 .text.udp_send_adc_frame
                0x08000d5c      0x140 ./Core/Src/main.o
 .text.eth_check_link
                0x08000e9c       0x38 ./Core/Src/main.o
 .text.eth_start_link
                0x08000ed4       0x94 ./Core/Src/main.o
 .text.init_hann_window
                0x08000f68       0x74 ./Core/Src/main.o
                0x08000f68                init_hann_window
 .text.get_sweep_freq
                0x08000fdc       0x7c ./Core/Src/main.o
                0x08000fdc                get_sweep_freq
 .text.update_dac_sweep
                0x08001058       0xd8 ./Core/Src/main.o
                0x08001058                update_dac_sweep
 .text.process_fft
                0x08001130      0x338 ./Core/Src/main.o
                0x08001130                process_fft
 .text.main     0x08001468      0x5b4 ./Core/Src/main.o
                0x08001468                main
 .text.SystemClock_Config
                0x08001a1c       0xe0 ./Core/Src/main.o
                0x08001a1c                SystemClock_Config
 .text.MX_ADC1_Init
                0x08001afc       0xa4 ./Core/Src/main.o
 .text.MX_DAC_Init
                0x08001ba0       0x54 ./Core/Src/main.o
 .text.MX_ETH_Init
                0x08001bf4       0x9c ./Core/Src/main.o
 .text.MX_TIM2_Init
                0x08001c90       0x9c ./Core/Src/main.o
 .text.MX_TIM4_Init
                0x08001d2c       0x9c ./Core/Src/main.o
 .text.MX_USART3_UART_Init
                0x08001dc8       0x60 ./Core/Src/main.o
 .text.MX_USB_OTG_FS_PCD_Init
                0x08001e28       0x5c ./Core/Src/main.o
 .text.MX_DMA_Init
                0x08001e84       0x3c ./Core/Src/main.o
 .text.MX_GPIO_Init
                0x08001ec0      0x144 ./Core/Src/main.o
 .text.HAL_ADC_ConvHalfCpltCallback
                0x08002004       0x2c ./Core/Src/main.o
                0x08002004                HAL_ADC_ConvHalfCpltCallback
 .text.HAL_ADC_ConvCpltCallback
                0x08002030       0x2c ./Core/Src/main.o
                0x08002030                HAL_ADC_ConvCpltCallback
 .text.Error_Handler
                0x0800205c        0xc ./Core/Src/main.o
                0x0800205c                Error_Handler
 .text.SSD1306_WriteCmd
                0x08002068       0x34 ./Core/Src/ssd1306.o
 .text.SSD1306_WriteData
                0x0800209c       0x34 ./Core/Src/ssd1306.o
 .text.SSD1306_Init
                0x080020d0       0xd4 ./Core/Src/ssd1306.o
                0x080020d0                SSD1306_Init
 .text.SSD1306_Clear
                0x080021a4       0x18 ./Core/Src/ssd1306.o
                0x080021a4                SSD1306_Clear
 .text.SSD1306_Update
                0x080021bc       0x3c ./Core/Src/ssd1306.o
                0x080021bc                SSD1306_Update
 .text.SSD1306_DrawPixel
                0x080021f8       0x94 ./Core/Src/ssd1306.o
                0x080021f8                SSD1306_DrawPixel
 .text.SSD1306_DrawChar
                0x0800228c      0x108 ./Core/Src/ssd1306.o
                0x0800228c                SSD1306_DrawChar
 .text.SSD1306_DrawString
                0x08002394       0x5e ./Core/Src/ssd1306.o
                0x08002394                SSD1306_DrawString
 .text.SSD1306_DrawHLine
                0x080023f2       0x56 ./Core/Src/ssd1306.o
                0x080023f2                SSD1306_DrawHLine
 .text.SSD1306_ShowRadar
                0x08002448      0x1f8 ./Core/Src/ssd1306.o
                0x08002448                SSD1306_ShowRadar
 .text.HAL_MspInit
                0x08002640       0x48 ./Core/Src/stm32f7xx_hal_msp.o
                0x08002640                HAL_MspInit
 .text.HAL_ADC_MspInit
                0x08002688       0xe8 ./Core/Src/stm32f7xx_hal_msp.o
                0x08002688                HAL_ADC_MspInit
 .text.HAL_DAC_MspInit
                0x08002770       0x80 ./Core/Src/stm32f7xx_hal_msp.o
                0x08002770                HAL_DAC_MspInit
 .text.HAL_ETH_MspInit
                0x080027f0      0x170 ./Core/Src/stm32f7xx_hal_msp.o
                0x080027f0                HAL_ETH_MspInit
 .text.HAL_TIM_Base_MspInit
                0x08002960       0x70 ./Core/Src/stm32f7xx_hal_msp.o
                0x08002960                HAL_TIM_Base_MspInit
 .text.HAL_UART_MspInit
                0x080029d0       0xc0 ./Core/Src/stm32f7xx_hal_msp.o
                0x080029d0                HAL_UART_MspInit
 .text.HAL_PCD_MspInit
                0x08002a90       0xf4 ./Core/Src/stm32f7xx_hal_msp.o
                0x08002a90                HAL_PCD_MspInit
 .text.NMI_Handler
                0x08002b84        0x8 ./Core/Src/stm32f7xx_it.o
                0x08002b84                NMI_Handler
 .text.HardFault_Handler
                0x08002b8c        0x8 ./Core/Src/stm32f7xx_it.o
                0x08002b8c                HardFault_Handler
 .text.MemManage_Handler
                0x08002b94        0x8 ./Core/Src/stm32f7xx_it.o
                0x08002b94                MemManage_Handler
 .text.BusFault_Handler
                0x08002b9c        0x8 ./Core/Src/stm32f7xx_it.o
                0x08002b9c                BusFault_Handler
 .text.UsageFault_Handler
                0x08002ba4        0x8 ./Core/Src/stm32f7xx_it.o
                0x08002ba4                UsageFault_Handler
 .text.SVC_Handler
                0x08002bac        0xe ./Core/Src/stm32f7xx_it.o
                0x08002bac                SVC_Handler
 .text.DebugMon_Handler
                0x08002bba        0xe ./Core/Src/stm32f7xx_it.o
                0x08002bba                DebugMon_Handler
 .text.PendSV_Handler
                0x08002bc8        0xe ./Core/Src/stm32f7xx_it.o
                0x08002bc8                PendSV_Handler
 .text.SysTick_Handler
                0x08002bd6        0xc ./Core/Src/stm32f7xx_it.o
                0x08002bd6                SysTick_Handler
 *fill*         0x08002be2        0x2 
 .text.TIM4_IRQHandler
                0x08002be4       0x14 ./Core/Src/stm32f7xx_it.o
                0x08002be4                TIM4_IRQHandler
 .text.DMA2_Stream0_IRQHandler
                0x08002bf8       0x14 ./Core/Src/stm32f7xx_it.o
                0x08002bf8                DMA2_Stream0_IRQHandler
 .text._getpid  0x08002c0c       0x10 ./Core/Src/syscalls.o
                0x08002c0c                _getpid
 .text._kill    0x08002c1c       0x20 ./Core/Src/syscalls.o
                0x08002c1c                _kill
 .text._exit    0x08002c3c       0x16 ./Core/Src/syscalls.o
                0x08002c3c                _exit
 .text._read    0x08002c52       0x3a ./Core/Src/syscalls.o
                0x08002c52                _read
 .text._write   0x08002c8c       0x38 ./Core/Src/syscalls.o
                0x08002c8c                _write
 .text._close   0x08002cc4       0x18 ./Core/Src/syscalls.o
                0x08002cc4                _close
 .text._fstat   0x08002cdc       0x20 ./Core/Src/syscalls.o
                0x08002cdc                _fstat
 .text._isatty  0x08002cfc       0x16 ./Core/Src/syscalls.o
                0x08002cfc                _isatty
 .text._lseek   0x08002d12       0x1a ./Core/Src/syscalls.o
                0x08002d12                _lseek
 .text._sbrk    0x08002d2c       0x6c ./Core/Src/sysmem.o
                0x08002d2c                _sbrk
 .text.SystemInit
                0x08002d98       0x24 ./Core/Src/system_stm32f7xx.o
                0x08002d98                SystemInit
 .text.Reset_Handler
                0x08002dbc       0x50 ./Core/Startup/startup_stm32f767zitx.o
                0x08002dbc                Reset_Handler
 .text.Default_Handler
                0x08002e0c        0x2 ./Core/Startup/startup_stm32f767zitx.o
                0x08002e0c                RTC_Alarm_IRQHandler
                0x08002e0c                EXTI2_IRQHandler
                0x08002e0c                TIM8_CC_IRQHandler
                0x08002e0c                UART8_IRQHandler
                0x08002e0c                SPI4_IRQHandler
                0x08002e0c                TIM1_CC_IRQHandler
                0x08002e0c                DMA2_Stream5_IRQHandler
                0x08002e0c                JPEG_IRQHandler
                0x08002e0c                DMA1_Stream5_IRQHandler
                0x08002e0c                CAN3_RX1_IRQHandler
                0x08002e0c                PVD_IRQHandler
                0x08002e0c                TAMP_STAMP_IRQHandler
                0x08002e0c                CAN2_RX1_IRQHandler
                0x08002e0c                EXTI3_IRQHandler
                0x08002e0c                TIM8_TRG_COM_TIM14_IRQHandler
                0x08002e0c                DFSDM1_FLT1_IRQHandler
                0x08002e0c                TIM1_UP_TIM10_IRQHandler
                0x08002e0c                TIM8_UP_TIM13_IRQHandler
                0x08002e0c                I2C3_ER_IRQHandler
                0x08002e0c                DFSDM1_FLT2_IRQHandler
                0x08002e0c                EXTI0_IRQHandler
                0x08002e0c                I2C2_EV_IRQHandler
                0x08002e0c                DMA1_Stream2_IRQHandler
                0x08002e0c                CAN1_RX0_IRQHandler
                0x08002e0c                FPU_IRQHandler
                0x08002e0c                OTG_HS_WKUP_IRQHandler
                0x08002e0c                CAN3_SCE_IRQHandler
                0x08002e0c                LTDC_ER_IRQHandler
                0x08002e0c                CAN2_SCE_IRQHandler
                0x08002e0c                DMA2_Stream2_IRQHandler
                0x08002e0c                SPI1_IRQHandler
                0x08002e0c                TIM6_DAC_IRQHandler
                0x08002e0c                TIM1_BRK_TIM9_IRQHandler
                0x08002e0c                DCMI_IRQHandler
                0x08002e0c                CAN2_RX0_IRQHandler
                0x08002e0c                DMA2_Stream3_IRQHandler
                0x08002e0c                SAI2_IRQHandler
                0x08002e0c                DFSDM1_FLT3_IRQHandler
                0x08002e0c                USART6_IRQHandler
                0x08002e0c                CAN3_RX0_IRQHandler
                0x08002e0c                USART3_IRQHandler
                0x08002e0c                CAN1_RX1_IRQHandler
                0x08002e0c                UART5_IRQHandler
                0x08002e0c                QUADSPI_IRQHandler
                0x08002e0c                I2C1_EV_IRQHandler
                0x08002e0c                DMA1_Stream6_IRQHandler
                0x08002e0c                DMA1_Stream1_IRQHandler
                0x08002e0c                UART4_IRQHandler
                0x08002e0c                TIM3_IRQHandler
                0x08002e0c                RCC_IRQHandler
                0x08002e0c                TIM8_BRK_TIM12_IRQHandler
                0x08002e0c                Default_Handler
                0x08002e0c                CEC_IRQHandler
                0x08002e0c                EXTI15_10_IRQHandler
                0x08002e0c                ADC_IRQHandler
                0x08002e0c                DMA1_Stream7_IRQHandler
                0x08002e0c                SPI5_IRQHandler
                0x08002e0c                TIM7_IRQHandler
                0x08002e0c                SDMMC1_IRQHandler
                0x08002e0c                CAN2_TX_IRQHandler
                0x08002e0c                TIM5_IRQHandler
                0x08002e0c                DMA2_Stream7_IRQHandler
                0x08002e0c                I2C3_EV_IRQHandler
                0x08002e0c                EXTI9_5_IRQHandler
                0x08002e0c                RTC_WKUP_IRQHandler
                0x08002e0c                LTDC_IRQHandler
                0x08002e0c                ETH_WKUP_IRQHandler
                0x08002e0c                SPDIF_RX_IRQHandler
                0x08002e0c                SPI2_IRQHandler
                0x08002e0c                OTG_HS_EP1_IN_IRQHandler
                0x08002e0c                DMA1_Stream0_IRQHandler
                0x08002e0c                CAN1_TX_IRQHandler
                0x08002e0c                EXTI4_IRQHandler
                0x08002e0c                RNG_IRQHandler
                0x08002e0c                ETH_IRQHandler
                0x08002e0c                OTG_HS_EP1_OUT_IRQHandler
                0x08002e0c                WWDG_IRQHandler
                0x08002e0c                SPI6_IRQHandler
                0x08002e0c                MDIOS_IRQHandler
                0x08002e0c                I2C4_EV_IRQHandler
                0x08002e0c                CAN3_TX_IRQHandler
                0x08002e0c                TIM2_IRQHandler
                0x08002e0c                OTG_FS_WKUP_IRQHandler
                0x08002e0c                TIM1_TRG_COM_TIM11_IRQHandler
                0x08002e0c                OTG_HS_IRQHandler
                0x08002e0c                DMA2D_IRQHandler
                0x08002e0c                EXTI1_IRQHandler
                0x08002e0c                SDMMC2_IRQHandler
                0x08002e0c                UART7_IRQHandler
                0x08002e0c                USART2_IRQHandler
                0x08002e0c                DFSDM1_FLT0_IRQHandler
                0x08002e0c                I2C2_ER_IRQHandler
                0x08002e0c                DMA2_Stream1_IRQHandler
                0x08002e0c                CAN1_SCE_IRQHandler
                0x08002e0c                FLASH_IRQHandler
                0x08002e0c                DMA2_Stream4_IRQHandler
                0x08002e0c                USART1_IRQHandler
                0x08002e0c                OTG_FS_IRQHandler
                0x08002e0c                SPI3_IRQHandler
                0x08002e0c                DMA1_Stream4_IRQHandler
                0x08002e0c                I2C1_ER_IRQHandler
                0x08002e0c                FMC_IRQHandler
                0x08002e0c                LPTIM1_IRQHandler
                0x08002e0c                I2C4_ER_IRQHandler
                0x08002e0c                DMA2_Stream6_IRQHandler
                0x08002e0c                SAI1_IRQHandler
                0x08002e0c                DMA1_Stream3_IRQHandler
 .text.HAL_Init
                0x08002e0e       0x1a ./Drivers/STM32F7xx_HAL_Driver/Src/stm32f7xx_hal.o
                0x08002e0e                HAL_Init
 .text.HAL_InitTick
                0x08002e28       0x60 ./Drivers/STM32F7xx_HAL_Driver/Src/stm32f7xx_hal.o
                0x08002e28                HAL_InitTick
 .text.HAL_IncTick
                0x08002e88       0x28 ./Drivers/STM32F7xx_HAL_Driver/Src/stm32f7xx_hal.o
                0x08002e88                HAL_IncTick
 .text.HAL_GetTick
                0x08002eb0       0x18 ./Drivers/STM32F7xx_HAL_Driver/Src/stm32f7xx_hal.o
                0x08002eb0                HAL_GetTick
 .text.HAL_Delay
                0x08002ec8       0x48 ./Drivers/STM32F7xx_HAL_Driver/Src/stm32f7xx_hal.o
                0x08002ec8                HAL_Delay
 .text.HAL_ADC_Init
                0x08002f10       0x88 ./Drivers/STM32F7xx_HAL_Driver/Src/stm32f7xx_hal_adc.o
                0x08002f10                HAL_ADC_Init
 .text.HAL_ADC_Start_DMA
                0x08002f98      0x1fc ./Drivers/STM32F7xx_HAL_Driver/Src/stm32f7xx_hal_adc.o
                0x08002f98                HAL_ADC_Start_DMA
 .text.HAL_ADC_ErrorCallback
                0x08003194       0x14 ./Drivers/STM32F7xx_HAL_Driver/Src/stm32f7xx_hal_adc.o
                0x08003194                HAL_ADC_ErrorCallback
 .text.HAL_ADC_ConfigChannel
                0x080031a8      0x2b4 ./Drivers/STM32F7xx_HAL_Driver/Src/stm32f7xx_hal_adc.o
                0x080031a8                HAL_ADC_ConfigChannel
 .text.ADC_Init
                0x0800345c      0x1f4 ./Drivers/STM32F7xx_HAL_Driver/Src/stm32f7xx_hal_adc.o
 .text.ADC_DMAConvCplt
                0x08003650       0xba ./Drivers/STM32F7xx_HAL_Driver/Src/stm32f7xx_hal_adc.o
 .text.ADC_DMAHalfConvCplt
                0x0800370a       0x1c ./Drivers/STM32F7xx_HAL_Driver/Src/stm32f7xx_hal_adc.o
 .text.ADC_DMAError
                0x08003726       0x2e ./Drivers/STM32F7xx_HAL_Driver/Src/stm32f7xx_hal_adc.o
 .text.__NVIC_SetPriorityGrouping
                0x08003754       0x48 ./Drivers/STM32F7xx_HAL_Driver/Src/stm32f7xx_hal_cortex.o
 .text.__NVIC_GetPriorityGrouping
                0x0800379c       0x1c ./Drivers/STM32F7xx_HAL_Driver/Src/stm32f7xx_hal_cortex.o
 .text.__NVIC_EnableIRQ
                0x080037b8       0x3c ./Drivers/STM32F7xx_HAL_Driver/Src/stm32f7xx_hal_cortex.o
 .text.__NVIC_DisableIRQ
                0x080037f4       0x48 ./Drivers/STM32F7xx_HAL_Driver/Src/stm32f7xx_hal_cortex.o
 .text.__NVIC_SetPriority
                0x0800383c       0x54 ./Drivers/STM32F7xx_HAL_Driver/Src/stm32f7xx_hal_cortex.o
 .text.NVIC_EncodePriority
                0x08003890       0x66 ./Drivers/STM32F7xx_HAL_Driver/Src/stm32f7xx_hal_cortex.o
 *fill*         0x080038f6        0x2 
 .text.SysTick_Config
                0x080038f8       0x44 ./Drivers/STM32F7xx_HAL_Driver/Src/stm32f7xx_hal_cortex.o
 .text.HAL_NVIC_SetPriorityGrouping
                0x0800393c       0x16 ./Drivers/STM32F7xx_HAL_Driver/Src/stm32f7xx_hal_cortex.o
                0x0800393c                HAL_NVIC_SetPriorityGrouping
 .text.HAL_NVIC_SetPriority
                0x08003952       0x38 ./Drivers/STM32F7xx_HAL_Driver/Src/stm32f7xx_hal_cortex.o
                0x08003952                HAL_NVIC_SetPriority
 .text.HAL_NVIC_EnableIRQ
                0x0800398a       0x1c ./Drivers/STM32F7xx_HAL_Driver/Src/stm32f7xx_hal_cortex.o
                0x0800398a                HAL_NVIC_EnableIRQ
 .text.HAL_NVIC_DisableIRQ
                0x080039a6       0x1c ./Drivers/STM32F7xx_HAL_Driver/Src/stm32f7xx_hal_cortex.o
                0x080039a6                HAL_NVIC_DisableIRQ
 .text.HAL_SYSTICK_Config
                0x080039c2       0x18 ./Drivers/STM32F7xx_HAL_Driver/Src/stm32f7xx_hal_cortex.o
                0x080039c2                HAL_SYSTICK_Config
 .text.HAL_DAC_Init
                0x080039da       0x44 ./Drivers/STM32F7xx_HAL_Driver/Src/stm32f7xx_hal_dac.o
                0x080039da                HAL_DAC_Init
 *fill*         0x08003a1e        0x2 
 .text.HAL_DAC_Start_DMA
                0x08003a20      0x180 ./Drivers/STM32F7xx_HAL_Driver/Src/stm32f7xx_hal_dac.o
                0x08003a20                HAL_DAC_Start_DMA
 .text.HAL_DAC_ConvCpltCallbackCh1
                0x08003ba0       0x14 ./Drivers/STM32F7xx_HAL_Driver/Src/stm32f7xx_hal_dac.o
                0x08003ba0                HAL_DAC_ConvCpltCallbackCh1
 .text.HAL_DAC_ConvHalfCpltCallbackCh1
                0x08003bb4       0x14 ./Drivers/STM32F7xx_HAL_Driver/Src/stm32f7xx_hal_dac.o
                0x08003bb4                HAL_DAC_ConvHalfCpltCallbackCh1
 .text.HAL_DAC_ErrorCallbackCh1
                0x08003bc8       0x14 ./Drivers/STM32F7xx_HAL_Driver/Src/stm32f7xx_hal_dac.o
                0x08003bc8                HAL_DAC_ErrorCallbackCh1
 .text.HAL_DAC_ConfigChannel
                0x08003bdc       0xb2 ./Drivers/STM32F7xx_HAL_Driver/Src/stm32f7xx_hal_dac.o
                0x08003bdc                HAL_DAC_ConfigChannel
 .text.DAC_DMAConvCpltCh1
                0x08003c8e       0x22 ./Drivers/STM32F7xx_HAL_Driver/Src/stm32f7xx_hal_dac.o
                0x08003c8e                DAC_DMAConvCpltCh1
 .text.DAC_DMAHalfConvCpltCh1
                0x08003cb0       0x1c ./Drivers/STM32F7xx_HAL_Driver/Src/stm32f7xx_hal_dac.o
                0x08003cb0                DAC_DMAHalfConvCpltCh1
 .text.DAC_DMAErrorCh1
                0x08003ccc       0x2e ./Drivers/STM32F7xx_HAL_Driver/Src/stm32f7xx_hal_dac.o
                0x08003ccc                DAC_DMAErrorCh1
 .text.HAL_DACEx_ConvCpltCallbackCh2
                0x08003cfa       0x14 ./Drivers/STM32F7xx_HAL_Driver/Src/stm32f7xx_hal_dac_ex.o
                0x08003cfa                HAL_DACEx_ConvCpltCallbackCh2
 .text.HAL_DACEx_ConvHalfCpltCallbackCh2
                0x08003d0e       0x14 ./Drivers/STM32F7xx_HAL_Driver/Src/stm32f7xx_hal_dac_ex.o
                0x08003d0e                HAL_DACEx_ConvHalfCpltCallbackCh2
 .text.HAL_DACEx_ErrorCallbackCh2
                0x08003d22       0x14 ./Drivers/STM32F7xx_HAL_Driver/Src/stm32f7xx_hal_dac_ex.o
                0x08003d22                HAL_DACEx_ErrorCallbackCh2
 .text.DAC_DMAConvCpltCh2
                0x08003d36       0x22 ./Drivers/STM32F7xx_HAL_Driver/Src/stm32f7xx_hal_dac_ex.o
                0x08003d36                DAC_DMAConvCpltCh2
 .text.DAC_DMAHalfConvCpltCh2
                0x08003d58       0x1c ./Drivers/STM32F7xx_HAL_Driver/Src/stm32f7xx_hal_dac_ex.o
                0x08003d58                DAC_DMAHalfConvCpltCh2
 .text.DAC_DMAErrorCh2
                0x08003d74       0x2e ./Drivers/STM32F7xx_HAL_Driver/Src/stm32f7xx_hal_dac_ex.o
                0x08003d74                DAC_DMAErrorCh2
 *fill*         0x08003da2        0x2 
 .text.HAL_DMA_Init
                0x08003da4      0x15c ./Drivers/STM32F7xx_HAL_Driver/Src/stm32f7xx_hal_dma.o
                0x08003da4                HAL_DMA_Init
 .text.HAL_DMA_Start_IT
                0x08003f00       0xc0 ./Drivers/STM32F7xx_HAL_Driver/Src/stm32f7xx_hal_dma.o
                0x08003f00                HAL_DMA_Start_IT
 .text.HAL_DMA_IRQHandler
                0x08003fc0      0x314 ./Drivers/STM32F7xx_HAL_Driver/Src/stm32f7xx_hal_dma.o
                0x08003fc0                HAL_DMA_IRQHandler
 .text.DMA_SetConfig
                0x080042d4       0x5c ./Drivers/STM32F7xx_HAL_Driver/Src/stm32f7xx_hal_dma.o
 .text.DMA_CalcBaseAndBitshift
                0x08004330       0x6c ./Drivers/STM32F7xx_HAL_Driver/Src/stm32f7xx_hal_dma.o
 .text.DMA_CheckFifoParam
                0x0800439c       0xf8 ./Drivers/STM32F7xx_HAL_Driver/Src/stm32f7xx_hal_dma.o
 .text.HAL_ETH_Init
                0x08004494      0x134 ./Drivers/STM32F7xx_HAL_Driver/Src/stm32f7xx_hal_eth.o
                0x08004494                HAL_ETH_Init
 .text.HAL_ETH_Start
                0x080045c8       0xbe ./Drivers/STM32F7xx_HAL_Driver/Src/stm32f7xx_hal_eth.o
                0x080045c8                HAL_ETH_Start
 .text.HAL_ETH_Transmit
                0x08004686      0x128 ./Drivers/STM32F7xx_HAL_Driver/Src/stm32f7xx_hal_eth.o
                0x08004686                HAL_ETH_Transmit
 *fill*         0x080047ae        0x2 
 .text.ETH_UpdateDescriptor
                0x080047b0      0x108 ./Drivers/STM32F7xx_HAL_Driver/Src/stm32f7xx_hal_eth.o
 .text.HAL_ETH_RxAllocateCallback
                0x080048b8       0x14 ./Drivers/STM32F7xx_HAL_Driver/Src/stm32f7xx_hal_eth.o
                0x080048b8                HAL_ETH_RxAllocateCallback
 .text.HAL_ETH_ReadPHYRegister
                0x080048cc       0x96 ./Drivers/STM32F7xx_HAL_Driver/Src/stm32f7xx_hal_eth.o
                0x080048cc                HAL_ETH_ReadPHYRegister
 .text.ETH_FlushTransmitFIFO
                0x08004962       0x4a ./Drivers/STM32F7xx_HAL_Driver/Src/stm32f7xx_hal_eth.o
 .text.ETH_SetMACConfig
                0x080049ac      0x168 ./Drivers/STM32F7xx_HAL_Driver/Src/stm32f7xx_hal_eth.o
 .text.ETH_SetDMAConfig
                0x08004b14      0x114 ./Drivers/STM32F7xx_HAL_Driver/Src/stm32f7xx_hal_eth.o
 .text.ETH_MACDMAConfig
                0x08004c28       0xea ./Drivers/STM32F7xx_HAL_Driver/Src/stm32f7xx_hal_eth.o
 *fill*         0x08004d12        0x2 
 .text.ETH_MACAddressConfig
                0x08004d14       0x70 ./Drivers/STM32F7xx_HAL_Driver/Src/stm32f7xx_hal_eth.o
 .text.ETH_DMATxDescListInit
                0x08004d84       0xb2 ./Drivers/STM32F7xx_HAL_Driver/Src/stm32f7xx_hal_eth.o
 .text.ETH_DMARxDescListInit
                0x08004e36       0xde ./Drivers/STM32F7xx_HAL_Driver/Src/stm32f7xx_hal_eth.o
 .text.ETH_Prepare_Tx_Descriptors
                0x08004f14      0x28c ./Drivers/STM32F7xx_HAL_Driver/Src/stm32f7xx_hal_eth.o
 .text.HAL_GPIO_Init
                0x080051a0      0x358 ./Drivers/STM32F7xx_HAL_Driver/Src/stm32f7xx_hal_gpio.o
                0x080051a0                HAL_GPIO_Init
 .text.HAL_GPIO_WritePin
                0x080054f8       0x32 ./Drivers/STM32F7xx_HAL_Driver/Src/stm32f7xx_hal_gpio.o
                0x080054f8                HAL_GPIO_WritePin
 .text.HAL_GPIO_TogglePin
                0x0800552a       0x34 ./Drivers/STM32F7xx_HAL_Driver/Src/stm32f7xx_hal_gpio.o
                0x0800552a                HAL_GPIO_TogglePin
 *fill*         0x0800555e        0x2 
 .text.HAL_I2C_Init
                0x08005560      0x138 ./Drivers/STM32F7xx_HAL_Driver/Src/stm32f7xx_hal_i2c.o
                0x08005560                HAL_I2C_Init
 .text.HAL_I2C_MspInit
                0x08005698       0x14 ./Drivers/STM32F7xx_HAL_Driver/Src/stm32f7xx_hal_i2c.o
                0x08005698                HAL_I2C_MspInit
 .text.HAL_I2C_Master_Transmit
                0x080056ac      0x230 ./Drivers/STM32F7xx_HAL_Driver/Src/stm32f7xx_hal_i2c.o
                0x080056ac                HAL_I2C_Master_Transmit
 .text.HAL_I2C_Mem_Write
                0x080058dc      0x228 ./Drivers/STM32F7xx_HAL_Driver/Src/stm32f7xx_hal_i2c.o
                0x080058dc                HAL_I2C_Mem_Write
 .text.I2C_RequestMemoryWrite
                0x08005b04       0xa8 ./Drivers/STM32F7xx_HAL_Driver/Src/stm32f7xx_hal_i2c.o
 .text.I2C_Flush_TXDR
                0x08005bac       0x48 ./Drivers/STM32F7xx_HAL_Driver/Src/stm32f7xx_hal_i2c.o
 .text.I2C_WaitOnFlagUntilTimeout
                0x08005bf4       0xb2 ./Drivers/STM32F7xx_HAL_Driver/Src/stm32f7xx_hal_i2c.o
 .text.I2C_WaitOnTXISFlagUntilTimeout
                0x08005ca6       0x8e ./Drivers/STM32F7xx_HAL_Driver/Src/stm32f7xx_hal_i2c.o
 .text.I2C_WaitOnSTOPFlagUntilTimeout
                0x08005d34       0x86 ./Drivers/STM32F7xx_HAL_Driver/Src/stm32f7xx_hal_i2c.o
 *fill*         0x08005dba        0x2 
 .text.I2C_IsErrorOccurred
                0x08005dbc      0x1c0 ./Drivers/STM32F7xx_HAL_Driver/Src/stm32f7xx_hal_i2c.o
 .text.I2C_TransferConfig
                0x08005f7c       0x64 ./Drivers/STM32F7xx_HAL_Driver/Src/stm32f7xx_hal_i2c.o
 .text.HAL_PCD_Init
                0x08005fe0      0x22c ./Drivers/STM32F7xx_HAL_Driver/Src/stm32f7xx_hal_pcd.o
                0x08005fe0                HAL_PCD_Init
 .text.HAL_PCDEx_ActivateLPM
                0x0800620c       0x48 ./Drivers/STM32F7xx_HAL_Driver/Src/stm32f7xx_hal_pcd_ex.o
                0x0800620c                HAL_PCDEx_ActivateLPM
 .text.HAL_PWR_EnableBkUpAccess
                0x08006254       0x20 ./Drivers/STM32F7xx_HAL_Driver/Src/stm32f7xx_hal_pwr.o
                0x08006254                HAL_PWR_EnableBkUpAccess
 .text.HAL_PWREx_EnableOverDrive
                0x08006274       0xa0 ./Drivers/STM32F7xx_HAL_Driver/Src/stm32f7xx_hal_pwr_ex.o
                0x08006274                HAL_PWREx_EnableOverDrive
 .text.HAL_RCC_OscConfig
                0x08006314      0x55c ./Drivers/STM32F7xx_HAL_Driver/Src/stm32f7xx_hal_rcc.o
                0x08006314                HAL_RCC_OscConfig
 .text.HAL_RCC_ClockConfig
                0x08006870      0x1d8 ./Drivers/STM32F7xx_HAL_Driver/Src/stm32f7xx_hal_rcc.o
                0x08006870                HAL_RCC_ClockConfig
 .text.HAL_RCC_GetSysClockFreq
                0x08006a48      0x20c ./Drivers/STM32F7xx_HAL_Driver/Src/stm32f7xx_hal_rcc.o
                0x08006a48                HAL_RCC_GetSysClockFreq
 .text.HAL_RCC_GetHCLKFreq
                0x08006c54       0x18 ./Drivers/STM32F7xx_HAL_Driver/Src/stm32f7xx_hal_rcc.o
                0x08006c54                HAL_RCC_GetHCLKFreq
 .text.HAL_RCC_GetPCLK1Freq
                0x08006c6c       0x28 ./Drivers/STM32F7xx_HAL_Driver/Src/stm32f7xx_hal_rcc.o
                0x08006c6c                HAL_RCC_GetPCLK1Freq
 .text.HAL_RCC_GetPCLK2Freq
                0x08006c94       0x28 ./Drivers/STM32F7xx_HAL_Driver/Src/stm32f7xx_hal_rcc.o
                0x08006c94                HAL_RCC_GetPCLK2Freq
 .text.HAL_RCCEx_PeriphCLKConfig
                0x08006cbc      0x850 ./Drivers/STM32F7xx_HAL_Driver/Src/stm32f7xx_hal_rcc_ex.o
                0x08006cbc                HAL_RCCEx_PeriphCLKConfig
 .text.HAL_TIM_Base_Init
                0x0800750c       0xae ./Drivers/STM32F7xx_HAL_Driver/Src/stm32f7xx_hal_tim.o
                0x0800750c                HAL_TIM_Base_Init
 *fill*         0x080075ba        0x2 
 .text.HAL_TIM_Base_Start
                0x080075bc       0xe0 ./Drivers/STM32F7xx_HAL_Driver/Src/stm32f7xx_hal_tim.o
                0x080075bc                HAL_TIM_Base_Start
 .text.HAL_TIM_IRQHandler
                0x0800769c      0x20e ./Drivers/STM32F7xx_HAL_Driver/Src/stm32f7xx_hal_tim.o
                0x0800769c                HAL_TIM_IRQHandler
 *fill*         0x080078aa        0x2 
 .text.HAL_TIM_ConfigClockSource
                0x080078ac      0x194 ./Drivers/STM32F7xx_HAL_Driver/Src/stm32f7xx_hal_tim.o
                0x080078ac                HAL_TIM_ConfigClockSource
 .text.HAL_TIM_PeriodElapsedCallback
                0x08007a40       0x14 ./Drivers/STM32F7xx_HAL_Driver/Src/stm32f7xx_hal_tim.o
                0x08007a40                HAL_TIM_PeriodElapsedCallback
 .text.HAL_TIM_OC_DelayElapsedCallback
                0x08007a54       0x14 ./Drivers/STM32F7xx_HAL_Driver/Src/stm32f7xx_hal_tim.o
                0x08007a54                HAL_TIM_OC_DelayElapsedCallback
 .text.HAL_TIM_IC_CaptureCallback
                0x08007a68       0x14 ./Drivers/STM32F7xx_HAL_Driver/Src/stm32f7xx_hal_tim.o
                0x08007a68                HAL_TIM_IC_CaptureCallback
 .text.HAL_TIM_PWM_PulseFinishedCallback
                0x08007a7c       0x14 ./Drivers/STM32F7xx_HAL_Driver/Src/stm32f7xx_hal_tim.o
                0x08007a7c                HAL_TIM_PWM_PulseFinishedCallback
 .text.HAL_TIM_TriggerCallback
                0x08007a90       0x14 ./Drivers/STM32F7xx_HAL_Driver/Src/stm32f7xx_hal_tim.o
                0x08007a90                HAL_TIM_TriggerCallback
 .text.TIM_Base_SetConfig
                0x08007aa4      0x14c ./Drivers/STM32F7xx_HAL_Driver/Src/stm32f7xx_hal_tim.o
                0x08007aa4                TIM_Base_SetConfig
 .text.TIM_TI1_ConfigInputStage
                0x08007bf0       0x5e ./Drivers/STM32F7xx_HAL_Driver/Src/stm32f7xx_hal_tim.o
 .text.TIM_TI2_ConfigInputStage
                0x08007c4e       0x60 ./Drivers/STM32F7xx_HAL_Driver/Src/stm32f7xx_hal_tim.o
 .text.TIM_ITRx_SetConfig
                0x08007cae       0x36 ./Drivers/STM32F7xx_HAL_Driver/Src/stm32f7xx_hal_tim.o
 .text.TIM_ETR_SetConfig
                0x08007ce4       0x40 ./Drivers/STM32F7xx_HAL_Driver/Src/stm32f7xx_hal_tim.o
                0x08007ce4                TIM_ETR_SetConfig
 .text.HAL_TIMEx_MasterConfigSynchronization
                0x08007d24      0x11c ./Drivers/STM32F7xx_HAL_Driver/Src/stm32f7xx_hal_tim_ex.o
                0x08007d24                HAL_TIMEx_MasterConfigSynchronization
 .text.HAL_TIMEx_CommutCallback
                0x08007e40       0x14 ./Drivers/STM32F7xx_HAL_Driver/Src/stm32f7xx_hal_tim_ex.o
                0x08007e40                HAL_TIMEx_CommutCallback
 .text.HAL_TIMEx_BreakCallback
                0x08007e54       0x14 ./Drivers/STM32F7xx_HAL_Driver/Src/stm32f7xx_hal_tim_ex.o
                0x08007e54                HAL_TIMEx_BreakCallback
 .text.HAL_TIMEx_Break2Callback
                0x08007e68       0x14 ./Drivers/STM32F7xx_HAL_Driver/Src/stm32f7xx_hal_tim_ex.o
                0x08007e68                HAL_TIMEx_Break2Callback
 .text.HAL_UART_Init
                0x08007e7c       0x9c ./Drivers/STM32F7xx_HAL_Driver/Src/stm32f7xx_hal_uart.o
                0x08007e7c                HAL_UART_Init
 .text.HAL_UART_Transmit
                0x08007f18      0x112 ./Drivers/STM32F7xx_HAL_Driver/Src/stm32f7xx_hal_uart.o
                0x08007f18                HAL_UART_Transmit
 *fill*         0x0800802a        0x2 
 .text.UART_SetConfig
                0x0800802c      0x4c8 ./Drivers/STM32F7xx_HAL_Driver/Src/stm32f7xx_hal_uart.o
                0x0800802c                UART_SetConfig
 .text.UART_AdvFeatureConfig
                0x080084f4      0x144 ./Drivers/STM32F7xx_HAL_Driver/Src/stm32f7xx_hal_uart.o
                0x080084f4                UART_AdvFeatureConfig
 .text.UART_CheckIdleState
                0x08008638      0x150 ./Drivers/STM32F7xx_HAL_Driver/Src/stm32f7xx_hal_uart.o
                0x08008638                UART_CheckIdleState
 .text.UART_WaitOnFlagUntilTimeout
                0x08008788       0xda ./Drivers/STM32F7xx_HAL_Driver/Src/stm32f7xx_hal_uart.o
                0x08008788                UART_WaitOnFlagUntilTimeout
 .text.UART_EndRxTransfer
                0x08008862       0xc8 ./Drivers/STM32F7xx_HAL_Driver/Src/stm32f7xx_hal_uart.o
 *fill*         0x0800892a        0x2 
 .text.USB_CoreInit
                0x0800892c       0xb4 ./Drivers/STM32F7xx_HAL_Driver/Src/stm32f7xx_ll_usb.o
                0x0800892c                USB_CoreInit
 .text.USB_DisableGlobalInt
                0x080089e0       0x22 ./Drivers/STM32F7xx_HAL_Driver/Src/stm32f7xx_ll_usb.o
                0x080089e0                USB_DisableGlobalInt
 .text.USB_SetCurrentMode
                0x08008a02       0x98 ./Drivers/STM32F7xx_HAL_Driver/Src/stm32f7xx_ll_usb.o
                0x08008a02                USB_SetCurrentMode
 *fill*         0x08008a9a        0x2 
 .text.USB_DevInit
                0x08008a9c      0x2bc ./Drivers/STM32F7xx_HAL_Driver/Src/stm32f7xx_ll_usb.o
                0x08008a9c                USB_DevInit
 .text.USB_FlushTxFifo
                0x08008d58       0x64 ./Drivers/STM32F7xx_HAL_Driver/Src/stm32f7xx_ll_usb.o
                0x08008d58                USB_FlushTxFifo
 .text.USB_FlushRxFifo
                0x08008dbc       0x5c ./Drivers/STM32F7xx_HAL_Driver/Src/stm32f7xx_ll_usb.o
                0x08008dbc                USB_FlushRxFifo
 .text.USB_SetDevSpeed
                0x08008e18       0x32 ./Drivers/STM32F7xx_HAL_Driver/Src/stm32f7xx_ll_usb.o
                0x08008e18                USB_SetDevSpeed
 .text.USB_DevDisconnect
                0x08008e4a       0x42 ./Drivers/STM32F7xx_HAL_Driver/Src/stm32f7xx_ll_usb.o
                0x08008e4a                USB_DevDisconnect
 .text.USB_GetMode
                0x08008e8c       0x1c ./Drivers/STM32F7xx_HAL_Driver/Src/stm32f7xx_ll_usb.o
                0x08008e8c                USB_GetMode
 .text.USB_CoreReset
                0x08008ea8       0x70 ./Drivers/STM32F7xx_HAL_Driver/Src/stm32f7xx_ll_usb.o
 .text.arm_mean_f32
                0x08008f18       0x6c C:\Users\yanis\STM32CubeIDE\workspace_1.19.0\projet_L3\projet_L3\Drivers\CMSIS\Lib\GCC\libarm_cortexM7lfsp_math.a(arm_mean_f32.o)
                0x08008f18                arm_mean_f32
 .text.arm_max_f32
                0x08008f84       0xcc C:\Users\yanis\STM32CubeIDE\workspace_1.19.0\projet_L3\projet_L3\Drivers\CMSIS\Lib\GCC\libarm_cortexM7lfsp_math.a(arm_max_f32.o)
                0x08008f84                arm_max_f32
 .text.arm_rfft_fast_init_f32
                0x08009050      0x168 C:\Users\yanis\STM32CubeIDE\workspace_1.19.0\projet_L3\projet_L3\Drivers\CMSIS\Lib\GCC\libarm_cortexM7lfsp_math.a(arm_rfft_fast_init_f32.o)
                0x08009050                arm_rfft_fast_init_f32
 .text.arm_rfft_fast_f32
                0x080091b8      0x188 C:\Users\yanis\STM32CubeIDE\workspace_1.19.0\projet_L3\projet_L3\Drivers\CMSIS\Lib\GCC\libarm_cortexM7lfsp_math.a(arm_rfft_fast_f32.o)
                0x080091b8                arm_rfft_fast_f32
 .text.arm_cfft_radix8by2_f32
                0x08009340      0x1a0 C:\Users\yanis\STM32CubeIDE\workspace_1.19.0\projet_L3\projet_L3\Drivers\CMSIS\Lib\GCC\libarm_cortexM7lfsp_math.a(arm_cfft_f32.o)
                0x08009340                arm_cfft_radix8by2_f32
 .text.arm_cfft_radix8by4_f32
                0x080094e0      0x4b0 C:\Users\yanis\STM32CubeIDE\workspace_1.19.0\projet_L3\projet_L3\Drivers\CMSIS\Lib\GCC\libarm_cortexM7lfsp_math.a(arm_cfft_f32.o)
                0x080094e0                arm_cfft_radix8by4_f32
 .text.arm_cfft_f32
                0x08009990       0xf0 C:\Users\yanis\STM32CubeIDE\workspace_1.19.0\projet_L3\projet_L3\Drivers\CMSIS\Lib\GCC\libarm_cortexM7lfsp_math.a(arm_cfft_f32.o)
                0x08009990                arm_cfft_f32
 .text.arm_cmplx_mag_f32
                0x08009a80      0x1d0 C:\Users\yanis\STM32CubeIDE\workspace_1.19.0\projet_L3\projet_L3\Drivers\CMSIS\Lib\GCC\libarm_cortexM7lfsp_math.a(arm_cmplx_mag_f32.o)
                0x08009a80                arm_cmplx_mag_f32
 .text.arm_cos_f32
                0x08009c50       0x80 C:\Users\yanis\STM32CubeIDE\workspace_1.19.0\projet_L3\projet_L3\Drivers\CMSIS\Lib\GCC\libarm_cortexM7lfsp_math.a(arm_cos_f32.o)
                0x08009c50                arm_cos_f32
 .text.arm_mult_f32
                0x08009cd0       0x8c C:\Users\yanis\STM32CubeIDE\workspace_1.19.0\projet_L3\projet_L3\Drivers\CMSIS\Lib\GCC\libarm_cortexM7lfsp_math.a(arm_mult_f32.o)
                0x08009cd0                arm_mult_f32
 .text.arm_radix8_butterfly_f32
                0x08009d5c      0x5e4 C:\Users\yanis\STM32CubeIDE\workspace_1.19.0\projet_L3\projet_L3\Drivers\CMSIS\Lib\GCC\libarm_cortexM7lfsp_math.a(arm_cfft_radix8_f32.o)
                0x08009d5c                arm_radix8_butterfly_f32
 .text.fmodf    0x0800a340       0x40 C:/ST/STM32CubeIDE_1.19.0/STM32CubeIDE/plugins/com.st.stm32cube.ide.mcu.externaltools.gnu-tools-for-stm32.13.3.rel1.win32_1.0.0.202411081344/tools/bin/../lib/gcc/arm-none-eabi/13.3.1/../../../../arm-none-eabi/lib/thumb/v7e-m+dp/hard\libm.a(libm_a-wf_fmod.o)
                0x0800a340                fmodf
 .text.log10f   0x0800a380       0x5c C:/ST/STM32CubeIDE_1.19.0/STM32CubeIDE/plugins/com.st.stm32cube.ide.mcu.externaltools.gnu-tools-for-stm32.13.3.rel1.win32_1.0.0.202411081344/tools/bin/../lib/gcc/arm-none-eabi/13.3.1/../../../../arm-none-eabi/lib/thumb/v7e-m+dp/hard\libm.a(libm_a-wf_log10.o)
                0x0800a380                log10f
 .text.sqrtf    0x0800a3dc       0x3c C:/ST/STM32CubeIDE_1.19.0/STM32CubeIDE/plugins/com.st.stm32cube.ide.mcu.externaltools.gnu-tools-for-stm32.13.3.rel1.win32_1.0.0.202411081344/tools/bin/../lib/gcc/arm-none-eabi/13.3.1/../../../../arm-none-eabi/lib/thumb/v7e-m+dp/hard\libm.a(libm_a-wf_sqrt.o)
                0x0800a3dc                sqrtf
 .text.nanf     0x0800a418        0xc C:/ST/STM32CubeIDE_1.19.0/STM32CubeIDE/plugins/com.st.stm32cube.ide.mcu.externaltools.gnu-tools-for-stm32.13.3.rel1.win32_1.0.0.202411081344/tools/bin/../lib/gcc/arm-none-eabi/13.3.1/../../../../arm-none-eabi/lib/thumb/v7e-m+dp/hard\libm.a(libm_a-sf_nan.o)
                0x0800a418                nanf
 .text.checkint
                0x0800a424       0x2e C:/ST/STM32CubeIDE_1.19.0/STM32CubeIDE/plugins/com.st.stm32cube.ide.mcu.externaltools.gnu-tools-for-stm32.13.3.rel1.win32_1.0.0.202411081344/tools/bin/../lib/gcc/arm-none-eabi/13.3.1/../../../../arm-none-eabi/lib/thumb/v7e-m+dp/hard\libm.a(libm_a-sf_pow.o)
 *fill*         0x0800a452        0x6 
 .text.powf     0x0800a458      0x2c0 C:/ST/STM32CubeIDE_1.19.0/STM32CubeIDE/plugins/com.st.stm32cube.ide.mcu.externaltools.gnu-tools-for-stm32.13.3.rel1.win32_1.0.0.202411081344/tools/bin/../lib/gcc/arm-none-eabi/13.3.1/../../../../arm-none-eabi/lib/thumb/v7e-m+dp/hard\libm.a(libm_a-sf_pow.o)
                0x0800a458                powf
 .text.sinf_poly
                0x0800a718       0x54 C:/ST/STM32CubeIDE_1.19.0/STM32CubeIDE/plugins/com.st.stm32cube.ide.mcu.externaltools.gnu-tools-for-stm32.13.3.rel1.win32_1.0.0.202411081344/tools/bin/../lib/gcc/arm-none-eabi/13.3.1/../../../../arm-none-eabi/lib/thumb/v7e-m+dp/hard\libm.a(libm_a-sinf.o)
 *fill*         0x0800a76c        0x4 
 .text.sinf     0x0800a770      0x130 C:/ST/STM32CubeIDE_1.19.0/STM32CubeIDE/plugins/com.st.stm32cube.ide.mcu.externaltools.gnu-tools-for-stm32.13.3.rel1.win32_1.0.0.202411081344/tools/bin/../lib/gcc/arm-none-eabi/13.3.1/../../../../arm-none-eabi/lib/thumb/v7e-m+dp/hard\libm.a(libm_a-sinf.o)
                0x0800a770                sinf
 .text.with_errnof
                0x0800a8a0       0x1c C:/ST/STM32CubeIDE_1.19.0/STM32CubeIDE/plugins/com.st.stm32cube.ide.mcu.externaltools.gnu-tools-for-stm32.13.3.rel1.win32_1.0.0.202411081344/tools/bin/../lib/gcc/arm-none-eabi/13.3.1/../../../../arm-none-eabi/lib/thumb/v7e-m+dp/hard\libm.a(libm_a-math_errf.o)
 .text.xflowf   0x0800a8bc       0x16 C:/ST/STM32CubeIDE_1.19.0/STM32CubeIDE/plugins/com.st.stm32cube.ide.mcu.externaltools.gnu-tools-for-stm32.13.3.rel1.win32_1.0.0.202411081344/tools/bin/../lib/gcc/arm-none-eabi/13.3.1/../../../../arm-none-eabi/lib/thumb/v7e-m+dp/hard\libm.a(libm_a-math_errf.o)
 *fill*         0x0800a8d2        0x2 
 .text.__math_uflowf
                0x0800a8d4        0xc C:/ST/STM32CubeIDE_1.19.0/STM32CubeIDE/plugins/com.st.stm32cube.ide.mcu.externaltools.gnu-tools-for-stm32.13.3.rel1.win32_1.0.0.202411081344/tools/bin/../lib/gcc/arm-none-eabi/13.3.1/../../../../arm-none-eabi/lib/thumb/v7e-m+dp/hard\libm.a(libm_a-math_errf.o)
                0x0800a8d4                __math_uflowf
 .text.__math_may_uflowf
                0x0800a8e0        0xc C:/ST/STM32CubeIDE_1.19.0/STM32CubeIDE/plugins/com.st.stm32cube.ide.mcu.externaltools.gnu-tools-for-stm32.13.3.rel1.win32_1.0.0.202411081344/tools/bin/../lib/gcc/arm-none-eabi/13.3.1/../../../../arm-none-eabi/lib/thumb/v7e-m+dp/hard\libm.a(libm_a-math_errf.o)
                0x0800a8e0                __math_may_uflowf
 .text.__math_oflowf
                0x0800a8ec        0xc C:/ST/STM32CubeIDE_1.19.0/STM32CubeIDE/plugins/com.st.stm32cube.ide.mcu.externaltools.gnu-tools-for-stm32.13.3.rel1.win32_1.0.0.202411081344/tools/bin/../lib/gcc/arm-none-eabi/13.3.1/../../../../arm-none-eabi/lib/thumb/v7e-m+dp/hard\libm.a(libm_a-math_errf.o)
                0x0800a8ec                __math_oflowf
 .text.__math_divzerof
                0x0800a8f8       0x24 C:/ST/STM32CubeIDE_1.19.0/STM32CubeIDE/plugins/com.st.stm32cube.ide.mcu.externaltools.gnu-tools-for-stm32.13.3.rel1.win32_1.0.0.202411081344/tools/bin/../lib/gcc/arm-none-eabi/13.3.1/../../../../arm-none-eabi/lib/thumb/v7e-m+dp/hard\libm.a(libm_a-math_errf.o)
                0x0800a8f8                __math_divzerof
 .text.__math_invalidf
                0x0800a91c       0x1e C:/ST/STM32CubeIDE_1.19.0/STM32CubeIDE/plugins/com.st.stm32cube.ide.mcu.externaltools.gnu-tools-for-stm32.13.3.rel1.win32_1.0.0.202411081344/tools/bin/../lib/gcc/arm-none-eabi/13.3.1/../../../../arm-none-eabi/lib/thumb/v7e-m+dp/hard\libm.a(libm_a-math_errf.o)
                0x0800a91c                __math_invalidf
 .text.__ieee754_sqrtf
                0x0800a93a        0x6 C:/ST/STM32CubeIDE_1.19.0/STM32CubeIDE/plugins/com.st.stm32cube.ide.mcu.externaltools.gnu-tools-for-stm32.13.3.rel1.win32_1.0.0.202411081344/tools/bin/../lib/gcc/arm-none-eabi/13.3.1/../../../../arm-none-eabi/lib/thumb/v7e-m+dp/hard\libm.a(libm_a-ef_sqrt.o)
                0x0800a93a                __ieee754_sqrtf
 .text.__ieee754_fmodf
                0x0800a940      0x104 C:/ST/STM32CubeIDE_1.19.0/STM32CubeIDE/plugins/com.st.stm32cube.ide.mcu.externaltools.gnu-tools-for-stm32.13.3.rel1.win32_1.0.0.202411081344/tools/bin/../lib/gcc/arm-none-eabi/13.3.1/../../../../arm-none-eabi/lib/thumb/v7e-m+dp/hard\libm.a(libm_a-ef_fmod.o)
                0x0800a940                __ieee754_fmodf
 .text.__ieee754_log10f
                0x0800aa44       0xb0 C:/ST/STM32CubeIDE_1.19.0/STM32CubeIDE/plugins/com.st.stm32cube.ide.mcu.externaltools.gnu-tools-for-stm32.13.3.rel1.win32_1.0.0.202411081344/tools/bin/../lib/gcc/arm-none-eabi/13.3.1/../../../../arm-none-eabi/lib/thumb/v7e-m+dp/hard\libm.a(libm_a-ef_log10.o)
                0x0800aa44                __ieee754_log10f
 .text.logf     0x0800aaf4       0xcc C:/ST/STM32CubeIDE_1.19.0/STM32CubeIDE/plugins/com.st.stm32cube.ide.mcu.externaltools.gnu-tools-for-stm32.13.3.rel1.win32_1.0.0.202411081344/tools/bin/../lib/gcc/arm-none-eabi/13.3.1/../../../../arm-none-eabi/lib/thumb/v7e-m+dp/hard\libm.a(libm_a-sf_log.o)
                0x0800aaf4                logf
 .text.__cvt    0x0800abc0       0xa8 C:/ST/STM32CubeIDE_1.19.0/STM32CubeIDE/plugins/com.st.stm32cube.ide.mcu.externaltools.gnu-tools-for-stm32.13.3.rel1.win32_1.0.0.202411081344/tools/bin/../lib/gcc/arm-none-eabi/13.3.1/../../../../arm-none-eabi/lib/thumb/v7e-m+dp/hard\libc_nano.a(libc_a-nano-vfprintf_float.o)
                0x0800abc0                __cvt
 .text.__exponent
                0x0800ac68       0x74 C:/ST/STM32CubeIDE_1.19.0/STM32CubeIDE/plugins/com.st.stm32cube.ide.mcu.externaltools.gnu-tools-for-stm32.13.3.rel1.win32_1.0.0.202411081344/tools/bin/../lib/gcc/arm-none-eabi/13.3.1/../../../../arm-none-eabi/lib/thumb/v7e-m+dp/hard\libc_nano.a(libc_a-nano-vfprintf_float.o)
                0x0800ac68                __exponent
 *fill*         0x0800acdc        0x4 
 .text._printf_float
                0x0800ace0      0x434 C:/ST/STM32CubeIDE_1.19.0/STM32CubeIDE/plugins/com.st.stm32cube.ide.mcu.externaltools.gnu-tools-for-stm32.13.3.rel1.win32_1.0.0.202411081344/tools/bin/../lib/gcc/arm-none-eabi/13.3.1/../../../../arm-none-eabi/lib/thumb/v7e-m+dp/hard\libc_nano.a(libc_a-nano-vfprintf_float.o)
                0x0800ace0                _printf_float
 .text._printf_common
                0x0800b114       0xda C:/ST/STM32CubeIDE_1.19.0/STM32CubeIDE/plugins/com.st.stm32cube.ide.mcu.externaltools.gnu-tools-for-stm32.13.3.rel1.win32_1.0.0.202411081344/tools/bin/../lib/gcc/arm-none-eabi/13.3.1/../../../../arm-none-eabi/lib/thumb/v7e-m+dp/hard\libc_nano.a(libc_a-nano-vfprintf_i.o)
                0x0800b114                _printf_common
 *fill*         0x0800b1ee        0x2 
 .text._printf_i
                0x0800b1f0      0x23c C:/ST/STM32CubeIDE_1.19.0/STM32CubeIDE/plugins/com.st.stm32cube.ide.mcu.externaltools.gnu-tools-for-stm32.13.3.rel1.win32_1.0.0.202411081344/tools/bin/../lib/gcc/arm-none-eabi/13.3.1/../../../../arm-none-eabi/lib/thumb/v7e-m+dp/hard\libc_nano.a(libc_a-nano-vfprintf_i.o)
                0x0800b1f0                _printf_i
 .text.std      0x0800b42c       0x6c C:/ST/STM32CubeIDE_1.19.0/STM32CubeIDE/plugins/com.st.stm32cube.ide.mcu.externaltools.gnu-tools-for-stm32.13.3.rel1.win32_1.0.0.202411081344/tools/bin/../lib/gcc/arm-none-eabi/13.3.1/../../../../arm-none-eabi/lib/thumb/v7e-m+dp/hard\libc_nano.a(libc_a-findfp.o)
 .text.stdio_exit_handler
                0x0800b498       0x18 C:/ST/STM32CubeIDE_1.19.0/STM32CubeIDE/plugins/com.st.stm32cube.ide.mcu.externaltools.gnu-tools-for-stm32.13.3.rel1.win32_1.0.0.202411081344/tools/bin/../lib/gcc/arm-none-eabi/13.3.1/../../../../arm-none-eabi/lib/thumb/v7e-m+dp/hard\libc_nano.a(libc_a-findfp.o)
 .text.cleanup_stdio
                0x0800b4b0       0x40 C:/ST/STM32CubeIDE_1.19.0/STM32CubeIDE/plugins/com.st.stm32cube.ide.mcu.externaltools.gnu-tools-for-stm32.13.3.rel1.win32_1.0.0.202411081344/tools/bin/../lib/gcc/arm-none-eabi/13.3.1/../../../../arm-none-eabi/lib/thumb/v7e-m+dp/hard\libc_nano.a(libc_a-findfp.o)
 .text.global_stdio_init.part.0
                0x0800b4f0       0x3c C:/ST/STM32CubeIDE_1.19.0/STM32CubeIDE/plugins/com.st.stm32cube.ide.mcu.externaltools.gnu-tools-for-stm32.13.3.rel1.win32_1.0.0.202411081344/tools/bin/../lib/gcc/arm-none-eabi/13.3.1/../../../../arm-none-eabi/lib/thumb/v7e-m+dp/hard\libc_nano.a(libc_a-findfp.o)
 .text.__sfp_lock_acquire
                0x0800b52c        0xc C:/ST/STM32CubeIDE_1.19.0/STM32CubeIDE/plugins/com.st.stm32cube.ide.mcu.externaltools.gnu-tools-for-stm32.13.3.rel1.win32_1.0.0.202411081344/tools/bin/../lib/gcc/arm-none-eabi/13.3.1/../../../../arm-none-eabi/lib/thumb/v7e-m+dp/hard\libc_nano.a(libc_a-findfp.o)
                0x0800b52c                __sfp_lock_acquire
 .text.__sfp_lock_release
                0x0800b538        0xc C:/ST/STM32CubeIDE_1.19.0/STM32CubeIDE/plugins/com.st.stm32cube.ide.mcu.externaltools.gnu-tools-for-stm32.13.3.rel1.win32_1.0.0.202411081344/tools/bin/../lib/gcc/arm-none-eabi/13.3.1/../../../../arm-none-eabi/lib/thumb/v7e-m+dp/hard\libc_nano.a(libc_a-findfp.o)
                0x0800b538                __sfp_lock_release
 .text.__sinit  0x0800b544       0x30 C:/ST/STM32CubeIDE_1.19.0/STM32CubeIDE/plugins/com.st.stm32cube.ide.mcu.externaltools.gnu-tools-for-stm32.13.3.rel1.win32_1.0.0.202411081344/tools/bin/../lib/gcc/arm-none-eabi/13.3.1/../../../../arm-none-eabi/lib/thumb/v7e-m+dp/hard\libc_nano.a(libc_a-findfp.o)
                0x0800b544                __sinit
 .text._fwalk_sglue
                0x0800b574       0x3c C:/ST/STM32CubeIDE_1.19.0/STM32CubeIDE/plugins/com.st.stm32cube.ide.mcu.externaltools.gnu-tools-for-stm32.13.3.rel1.win32_1.0.0.202411081344/tools/bin/../lib/gcc/arm-none-eabi/13.3.1/../../../../arm-none-eabi/lib/thumb/v7e-m+dp/hard\libc_nano.a(libc_a-fwalk.o)
                0x0800b574                _fwalk_sglue
 .text.snprintf
                0x0800b5b0       0x6c C:/ST/STM32CubeIDE_1.19.0/STM32CubeIDE/plugins/com.st.stm32cube.ide.mcu.externaltools.gnu-tools-for-stm32.13.3.rel1.win32_1.0.0.202411081344/tools/bin/../lib/gcc/arm-none-eabi/13.3.1/../../../../arm-none-eabi/lib/thumb/v7e-m+dp/hard\libc_nano.a(libc_a-snprintf.o)
                0x0800b5b0                sniprintf
                0x0800b5b0                snprintf
 .text.sprintf  0x0800b61c       0x44 C:/ST/STM32CubeIDE_1.19.0/STM32CubeIDE/plugins/com.st.stm32cube.ide.mcu.externaltools.gnu-tools-for-stm32.13.3.rel1.win32_1.0.0.202411081344/tools/bin/../lib/gcc/arm-none-eabi/13.3.1/../../../../arm-none-eabi/lib/thumb/v7e-m+dp/hard\libc_nano.a(libc_a-sprintf.o)
                0x0800b61c                siprintf
                0x0800b61c                sprintf
 .text.__sread  0x0800b660       0x22 C:/ST/STM32CubeIDE_1.19.0/STM32CubeIDE/plugins/com.st.stm32cube.ide.mcu.externaltools.gnu-tools-for-stm32.13.3.rel1.win32_1.0.0.202411081344/tools/bin/../lib/gcc/arm-none-eabi/13.3.1/../../../../arm-none-eabi/lib/thumb/v7e-m+dp/hard\libc_nano.a(libc_a-stdio.o)
                0x0800b660                __sread
 .text.__swrite
                0x0800b682       0x38 C:/ST/STM32CubeIDE_1.19.0/STM32CubeIDE/plugins/com.st.stm32cube.ide.mcu.externaltools.gnu-tools-for-stm32.13.3.rel1.win32_1.0.0.202411081344/tools/bin/../lib/gcc/arm-none-eabi/13.3.1/../../../../arm-none-eabi/lib/thumb/v7e-m+dp/hard\libc_nano.a(libc_a-stdio.o)
                0x0800b682                __swrite
 .text.__sseek  0x0800b6ba       0x24 C:/ST/STM32CubeIDE_1.19.0/STM32CubeIDE/plugins/com.st.stm32cube.ide.mcu.externaltools.gnu-tools-for-stm32.13.3.rel1.win32_1.0.0.202411081344/tools/bin/../lib/gcc/arm-none-eabi/13.3.1/../../../../arm-none-eabi/lib/thumb/v7e-m+dp/hard\libc_nano.a(libc_a-stdio.o)
                0x0800b6ba                __sseek
 .text.__sclose
                0x0800b6de        0x8 C:/ST/STM32CubeIDE_1.19.0/STM32CubeIDE/plugins/com.st.stm32cube.ide.mcu.externaltools.gnu-tools-for-stm32.13.3.rel1.win32_1.0.0.202411081344/tools/bin/../lib/gcc/arm-none-eabi/13.3.1/../../../../arm-none-eabi/lib/thumb/v7e-m+dp/hard\libc_nano.a(libc_a-stdio.o)
                0x0800b6de                __sclose
 .text.memset   0x0800b6e6       0x10 C:/ST/STM32CubeIDE_1.19.0/STM32CubeIDE/plugins/com.st.stm32cube.ide.mcu.externaltools.gnu-tools-for-stm32.13.3.rel1.win32_1.0.0.202411081344/tools/bin/../lib/gcc/arm-none-eabi/13.3.1/../../../../arm-none-eabi/lib/thumb/v7e-m+dp/hard\libc_nano.a(libc_a-memset.o)
                0x0800b6e6                memset
 *fill*         0x0800b6f6        0x2 
 .text._localeconv_r
                0x0800b6f8        0x8 C:/ST/STM32CubeIDE_1.19.0/STM32CubeIDE/plugins/com.st.stm32cube.ide.mcu.externaltools.gnu-tools-for-stm32.13.3.rel1.win32_1.0.0.202411081344/tools/bin/../lib/gcc/arm-none-eabi/13.3.1/../../../../arm-none-eabi/lib/thumb/v7e-m+dp/hard\libc_nano.a(libc_a-localeconv.o)
                0x0800b6f8                _localeconv_r
 .text._close_r
                0x0800b700       0x20 C:/ST/STM32CubeIDE_1.19.0/STM32CubeIDE/plugins/com.st.stm32cube.ide.mcu.externaltools.gnu-tools-for-stm32.13.3.rel1.win32_1.0.0.202411081344/tools/bin/../lib/gcc/arm-none-eabi/13.3.1/../../../../arm-none-eabi/lib/thumb/v7e-m+dp/hard\libc_nano.a(libc_a-closer.o)
                0x0800b700                _close_r
 .text._lseek_r
                0x0800b720       0x24 C:/ST/STM32CubeIDE_1.19.0/STM32CubeIDE/plugins/com.st.stm32cube.ide.mcu.externaltools.gnu-tools-for-stm32.13.3.rel1.win32_1.0.0.202411081344/tools/bin/../lib/gcc/arm-none-eabi/13.3.1/../../../../arm-none-eabi/lib/thumb/v7e-m+dp/hard\libc_nano.a(libc_a-lseekr.o)
                0x0800b720                _lseek_r
 .text._read_r  0x0800b744       0x24 C:/ST/STM32CubeIDE_1.19.0/STM32CubeIDE/plugins/com.st.stm32cube.ide.mcu.externaltools.gnu-tools-for-stm32.13.3.rel1.win32_1.0.0.202411081344/tools/bin/../lib/gcc/arm-none-eabi/13.3.1/../../../../arm-none-eabi/lib/thumb/v7e-m+dp/hard\libc_nano.a(libc_a-readr.o)
                0x0800b744                _read_r
 .text._write_r
                0x0800b768       0x24 C:/ST/STM32CubeIDE_1.19.0/STM32CubeIDE/plugins/com.st.stm32cube.ide.mcu.externaltools.gnu-tools-for-stm32.13.3.rel1.win32_1.0.0.202411081344/tools/bin/../lib/gcc/arm-none-eabi/13.3.1/../../../../arm-none-eabi/lib/thumb/v7e-m+dp/hard\libc_nano.a(libc_a-writer.o)
                0x0800b768                _write_r
 .text.__errno  0x0800b78c        0xc C:/ST/STM32CubeIDE_1.19.0/STM32CubeIDE/plugins/com.st.stm32cube.ide.mcu.externaltools.gnu-tools-for-stm32.13.3.rel1.win32_1.0.0.202411081344/tools/bin/../lib/gcc/arm-none-eabi/13.3.1/../../../../arm-none-eabi/lib/thumb/v7e-m+dp/hard\libc_nano.a(libc_a-errno.o)
                0x0800b78c                __errno
 .text.__libc_init_array
                0x0800b798       0x48 C:/ST/STM32CubeIDE_1.19.0/STM32CubeIDE/plugins/com.st.stm32cube.ide.mcu.externaltools.gnu-tools-for-stm32.13.3.rel1.win32_1.0.0.202411081344/tools/bin/../lib/gcc/arm-none-eabi/13.3.1/../../../../arm-none-eabi/lib/thumb/v7e-m+dp/hard\libc_nano.a(libc_a-init.o)
                0x0800b798                __libc_init_array
 .text.__retarget_lock_init_recursive
                0x0800b7e0        0x2 C:/ST/STM32CubeIDE_1.19.0/STM32CubeIDE/plugins/com.st.stm32cube.ide.mcu.externaltools.gnu-tools-for-stm32.13.3.rel1.win32_1.0.0.202411081344/tools/bin/../lib/gcc/arm-none-eabi/13.3.1/../../../../arm-none-eabi/lib/thumb/v7e-m+dp/hard\libc_nano.a(libc_a-lock.o)
                0x0800b7e0                __retarget_lock_init_recursive
 .text.__retarget_lock_acquire_recursive
                0x0800b7e2        0x2 C:/ST/STM32CubeIDE_1.19.0/STM32CubeIDE/plugins/com.st.stm32cube.ide.mcu.externaltools.gnu-tools-for-stm32.13.3.rel1.win32_1.0.0.202411081344/tools/bin/../lib/gcc/arm-none-eabi/13.3.1/../../../../arm-none-eabi/lib/thumb/v7e-m+dp/hard\libc_nano.a(libc_a-lock.o)
                0x0800b7e2                __retarget_lock_acquire_recursive
 .text.__retarget_lock_release_recursive
                0x0800b7e4        0x2 C:/ST/STM32CubeIDE_1.19.0/STM32CubeIDE/plugins/com.st.stm32cube.ide.mcu.externaltools.gnu-tools-for-stm32.13.3.rel1.win32_1.0.0.202411081344/tools/bin/../lib/gcc/arm-none-eabi/13.3.1/../../../../arm-none-eabi/lib/thumb/v7e-m+dp/hard\libc_nano.a(libc_a-lock.o)
                0x0800b7e4                __retarget_lock_release_recursive
 .text.memcpy   0x0800b7e6       0x1c C:/ST/STM32CubeIDE_1.19.0/STM32CubeIDE/plugins/com.st.stm32cube.ide.mcu.externaltools.gnu-tools-for-stm32.13.3.rel1.win32_1.0.0.202411081344/tools/bin/../lib/gcc/arm-none-eabi/13.3.1/../../../../arm-none-eabi/lib/thumb/v7e-m+dp/hard\libc_nano.a(libc_a-memcpy-stub.o)
                0x0800b7e6                memcpy
 .text.quorem   0x0800b802      0x110 C:/ST/STM32CubeIDE_1.19.0/STM32CubeIDE/plugins/com.st.stm32cube.ide.mcu.externaltools.gnu-tools-for-stm32.13.3.rel1.win32_1.0.0.202411081344/tools/bin/../lib/gcc/arm-none-eabi/13.3.1/../../../../arm-none-eabi/lib/thumb/v7e-m+dp/hard\libc_nano.a(libc_a-dtoa.o)
 *fill*         0x0800b912        0x6 
 .text._dtoa_r  0x0800b918      0xabc C:/ST/STM32CubeIDE_1.19.0/STM32CubeIDE/plugins/com.st.stm32cube.ide.mcu.externaltools.gnu-tools-for-stm32.13.3.rel1.win32_1.0.0.202411081344/tools/bin/../lib/gcc/arm-none-eabi/13.3.1/../../../../arm-none-eabi/lib/thumb/v7e-m+dp/hard\libc_nano.a(libc_a-dtoa.o)
                0x0800b918                _dtoa_r
 .text._free_r  0x0800c3d4       0x94 C:/ST/STM32CubeIDE_1.19.0/STM32CubeIDE/plugins/com.st.stm32cube.ide.mcu.externaltools.gnu-tools-for-stm32.13.3.rel1.win32_1.0.0.202411081344/tools/bin/../lib/gcc/arm-none-eabi/13.3.1/../../../../arm-none-eabi/lib/thumb/v7e-m+dp/hard\libc_nano.a(libc_a-freer.o)
                0x0800c3d4                _free_r
 .text.malloc   0x0800c468       0x10 C:/ST/STM32CubeIDE_1.19.0/STM32CubeIDE/plugins/com.st.stm32cube.ide.mcu.externaltools.gnu-tools-for-stm32.13.3.rel1.win32_1.0.0.202411081344/tools/bin/../lib/gcc/arm-none-eabi/13.3.1/../../../../arm-none-eabi/lib/thumb/v7e-m+dp/hard\libc_nano.a(libc_a-malloc.o)
                0x0800c468                malloc
 .text.sbrk_aligned
                0x0800c478       0x44 C:/ST/STM32CubeIDE_1.19.0/STM32CubeIDE/plugins/com.st.stm32cube.ide.mcu.externaltools.gnu-tools-for-stm32.13.3.rel1.win32_1.0.0.202411081344/tools/bin/../lib/gcc/arm-none-eabi/13.3.1/../../../../arm-none-eabi/lib/thumb/v7e-m+dp/hard\libc_nano.a(libc_a-mallocr.o)
 .text._malloc_r
                0x0800c4bc      0x100 C:/ST/STM32CubeIDE_1.19.0/STM32CubeIDE/plugins/com.st.stm32cube.ide.mcu.externaltools.gnu-tools-for-stm32.13.3.rel1.win32_1.0.0.202411081344/tools/bin/../lib/gcc/arm-none-eabi/13.3.1/../../../../arm-none-eabi/lib/thumb/v7e-m+dp/hard\libc_nano.a(libc_a-mallocr.o)
                0x0800c4bc                _malloc_r
 .text.__malloc_lock
                0x0800c5bc        0xc C:/ST/STM32CubeIDE_1.19.0/STM32CubeIDE/plugins/com.st.stm32cube.ide.mcu.externaltools.gnu-tools-for-stm32.13.3.rel1.win32_1.0.0.202411081344/tools/bin/../lib/gcc/arm-none-eabi/13.3.1/../../../../arm-none-eabi/lib/thumb/v7e-m+dp/hard\libc_nano.a(libc_a-mlock.o)
                0x0800c5bc                __malloc_lock
 .text.__malloc_unlock
                0x0800c5c8        0xc C:/ST/STM32CubeIDE_1.19.0/STM32CubeIDE/plugins/com.st.stm32cube.ide.mcu.externaltools.gnu-tools-for-stm32.13.3.rel1.win32_1.0.0.202411081344/tools/bin/../lib/gcc/arm-none-eabi/13.3.1/../../../../arm-none-eabi/lib/thumb/v7e-m+dp/hard\libc_nano.a(libc_a-mlock.o)
                0x0800c5c8                __malloc_unlock
 .text._Balloc  0x0800c5d4       0x80 C:/ST/STM32CubeIDE_1.19.0/STM32CubeIDE/plugins/com.st.stm32cube.ide.mcu.externaltools.gnu-tools-for-stm32.13.3.rel1.win32_1.0.0.202411081344/tools/bin/../lib/gcc/arm-none-eabi/13.3.1/../../../../arm-none-eabi/lib/thumb/v7e-m+dp/hard\libc_nano.a(libc_a-mprec.o)
                0x0800c5d4                _Balloc
 .text._Bfree   0x0800c654       0x44 C:/ST/STM32CubeIDE_1.19.0/STM32CubeIDE/plugins/com.st.stm32cube.ide.mcu.externaltools.gnu-tools-for-stm32.13.3.rel1.win32_1.0.0.202411081344/tools/bin/../lib/gcc/arm-none-eabi/13.3.1/../../../../arm-none-eabi/lib/thumb/v7e-m+dp/hard\libc_nano.a(libc_a-mprec.o)
                0x0800c654                _Bfree
 .text.__multadd
                0x0800c698       0x8c C:/ST/STM32CubeIDE_1.19.0/STM32CubeIDE/plugins/com.st.stm32cube.ide.mcu.externaltools.gnu-tools-for-stm32.13.3.rel1.win32_1.0.0.202411081344/tools/bin/../lib/gcc/arm-none-eabi/13.3.1/../../../../arm-none-eabi/lib/thumb/v7e-m+dp/hard\libc_nano.a(libc_a-mprec.o)
                0x0800c698                __multadd
 .text.__hi0bits
                0x0800c724       0x3e C:/ST/STM32CubeIDE_1.19.0/STM32CubeIDE/plugins/com.st.stm32cube.ide.mcu.externaltools.gnu-tools-for-stm32.13.3.rel1.win32_1.0.0.202411081344/tools/bin/../lib/gcc/arm-none-eabi/13.3.1/../../../../arm-none-eabi/lib/thumb/v7e-m+dp/hard\libc_nano.a(libc_a-mprec.o)
                0x0800c724                __hi0bits
 .text.__lo0bits
                0x0800c762       0x5a C:/ST/STM32CubeIDE_1.19.0/STM32CubeIDE/plugins/com.st.stm32cube.ide.mcu.externaltools.gnu-tools-for-stm32.13.3.rel1.win32_1.0.0.202411081344/tools/bin/../lib/gcc/arm-none-eabi/13.3.1/../../../../arm-none-eabi/lib/thumb/v7e-m+dp/hard\libc_nano.a(libc_a-mprec.o)
                0x0800c762                __lo0bits
 .text.__i2b    0x0800c7bc       0x2c C:/ST/STM32CubeIDE_1.19.0/STM32CubeIDE/plugins/com.st.stm32cube.ide.mcu.externaltools.gnu-tools-for-stm32.13.3.rel1.win32_1.0.0.202411081344/tools/bin/../lib/gcc/arm-none-eabi/13.3.1/../../../../arm-none-eabi/lib/thumb/v7e-m+dp/hard\libc_nano.a(libc_a-mprec.o)
                0x0800c7bc                __i2b
 .text.__multiply
                0x0800c7e8      0x144 C:/ST/STM32CubeIDE_1.19.0/STM32CubeIDE/plugins/com.st.stm32cube.ide.mcu.externaltools.gnu-tools-for-stm32.13.3.rel1.win32_1.0.0.202411081344/tools/bin/../lib/gcc/arm-none-eabi/13.3.1/../../../../arm-none-eabi/lib/thumb/v7e-m+dp/hard\libc_nano.a(libc_a-mprec.o)
                0x0800c7e8                __multiply
 .text.__pow5mult
                0x0800c92c       0xb4 C:/ST/STM32CubeIDE_1.19.0/STM32CubeIDE/plugins/com.st.stm32cube.ide.mcu.externaltools.gnu-tools-for-stm32.13.3.rel1.win32_1.0.0.202411081344/tools/bin/../lib/gcc/arm-none-eabi/13.3.1/../../../../arm-none-eabi/lib/thumb/v7e-m+dp/hard\libc_nano.a(libc_a-mprec.o)
                0x0800c92c                __pow5mult
 .text.__lshift
                0x0800c9e0       0xd8 C:/ST/STM32CubeIDE_1.19.0/STM32CubeIDE/plugins/com.st.stm32cube.ide.mcu.externaltools.gnu-tools-for-stm32.13.3.rel1.win32_1.0.0.202411081344/tools/bin/../lib/gcc/arm-none-eabi/13.3.1/../../../../arm-none-eabi/lib/thumb/v7e-m+dp/hard\libc_nano.a(libc_a-mprec.o)
                0x0800c9e0                __lshift
 .text.__mcmp   0x0800cab8       0x36 C:/ST/STM32CubeIDE_1.19.0/STM32CubeIDE/plugins/com.st.stm32cube.ide.mcu.externaltools.gnu-tools-for-stm32.13.3.rel1.win32_1.0.0.202411081344/tools/bin/../lib/gcc/arm-none-eabi/13.3.1/../../../../arm-none-eabi/lib/thumb/v7e-m+dp/hard\libc_nano.a(libc_a-mprec.o)
                0x0800cab8                __mcmp
 *fill*         0x0800caee        0x2 
 .text.__mdiff  0x0800caf0      0x128 C:/ST/STM32CubeIDE_1.19.0/STM32CubeIDE/plugins/com.st.stm32cube.ide.mcu.externaltools.gnu-tools-for-stm32.13.3.rel1.win32_1.0.0.202411081344/tools/bin/../lib/gcc/arm-none-eabi/13.3.1/../../../../arm-none-eabi/lib/thumb/v7e-m+dp/hard\libc_nano.a(libc_a-mprec.o)
                0x0800caf0                __mdiff
 .text.__d2b    0x0800cc18       0xb0 C:/ST/STM32CubeIDE_1.19.0/STM32CubeIDE/plugins/com.st.stm32cube.ide.mcu.externaltools.gnu-tools-for-stm32.13.3.rel1.win32_1.0.0.202411081344/tools/bin/../lib/gcc/arm-none-eabi/13.3.1/../../../../arm-none-eabi/lib/thumb/v7e-m+dp/hard\libc_nano.a(libc_a-mprec.o)
                0x0800cc18                __d2b
 .text.__ssputs_r
                0x0800ccc8       0xb6 C:/ST/STM32CubeIDE_1.19.0/STM32CubeIDE/plugins/com.st.stm32cube.ide.mcu.externaltools.gnu-tools-for-stm32.13.3.rel1.win32_1.0.0.202411081344/tools/bin/../lib/gcc/arm-none-eabi/13.3.1/../../../../arm-none-eabi/lib/thumb/v7e-m+dp/hard\libc_nano.a(libc_a-nano-svfprintf.o)
                0x0800ccc8                __ssputs_r
 *fill*         0x0800cd7e        0x2 
 .text._svfprintf_r
                0x0800cd80      0x1f8 C:/ST/STM32CubeIDE_1.19.0/STM32CubeIDE/plugins/com.st.stm32cube.ide.mcu.externaltools.gnu-tools-for-stm32.13.3.rel1.win32_1.0.0.202411081344/tools/bin/../lib/gcc/arm-none-eabi/13.3.1/../../../../arm-none-eabi/lib/thumb/v7e-m+dp/hard\libc_nano.a(libc_a-nano-svfprintf.o)
                0x0800cd80                _svfiprintf_r
                0x0800cd80                _svfprintf_r
 .text.__sflush_r
                0x0800cf78      0x108 C:/ST/STM32CubeIDE_1.19.0/STM32CubeIDE/plugins/com.st.stm32cube.ide.mcu.externaltools.gnu-tools-for-stm32.13.3.rel1.win32_1.0.0.202411081344/tools/bin/../lib/gcc/arm-none-eabi/13.3.1/../../../../arm-none-eabi/lib/thumb/v7e-m+dp/hard\libc_nano.a(libc_a-fflush.o)
                0x0800cf78                __sflush_r
 .text._fflush_r
                0x0800d080       0x50 C:/ST/STM32CubeIDE_1.19.0/STM32CubeIDE/plugins/com.st.stm32cube.ide.mcu.externaltools.gnu-tools-for-stm32.13.3.rel1.win32_1.0.0.202411081344/tools/bin/../lib/gcc/arm-none-eabi/13.3.1/../../../../arm-none-eabi/lib/thumb/v7e-m+dp/hard\libc_nano.a(libc_a-fflush.o)
                0x0800d080                _fflush_r
 .text.memmove  0x0800d0d0       0x34 C:/ST/STM32CubeIDE_1.19.0/STM32CubeIDE/plugins/com.st.stm32cube.ide.mcu.externaltools.gnu-tools-for-stm32.13.3.rel1.win32_1.0.0.202411081344/tools/bin/../lib/gcc/arm-none-eabi/13.3.1/../../../../arm-none-eabi/lib/thumb/v7e-m+dp/hard\libc_nano.a(libc_a-memmove.o)
                0x0800d0d0                memmove
 .text._sbrk_r  0x0800d104       0x20 C:/ST/STM32CubeIDE_1.19.0/STM32CubeIDE/plugins/com.st.stm32cube.ide.mcu.externaltools.gnu-tools-for-stm32.13.3.rel1.win32_1.0.0.202411081344/tools/bin/../lib/gcc/arm-none-eabi/13.3.1/../../../../arm-none-eabi/lib/thumb/v7e-m+dp/hard\libc_nano.a(libc_a-sbrkr.o)
                0x0800d104                _sbrk_r
 .text.__assert_func
                0x0800d124       0x3c C:/ST/STM32CubeIDE_1.19.0/STM32CubeIDE/plugins/com.st.stm32cube.ide.mcu.externaltools.gnu-tools-for-stm32.13.3.rel1.win32_1.0.0.202411081344/tools/bin/../lib/gcc/arm-none-eabi/13.3.1/../../../../arm-none-eabi/lib/thumb/v7e-m+dp/hard\libc_nano.a(libc_a-assert.o)
                0x0800d124                __assert_func
 .text._calloc_r
                0x0800d160       0x28 C:/ST/STM32CubeIDE_1.19.0/STM32CubeIDE/plugins/com.st.stm32cube.ide.mcu.externaltools.gnu-tools-for-stm32.13.3.rel1.win32_1.0.0.202411081344/tools/bin/../lib/gcc/arm-none-eabi/13.3.1/../../../../arm-none-eabi/lib/thumb/v7e-m+dp/hard\libc_nano.a(libc_a-callocr.o)
                0x0800d160                _calloc_r
 .text.__ascii_mbtowc
                0x0800d188       0x24 C:/ST/STM32CubeIDE_1.19.0/STM32CubeIDE/plugins/com.st.stm32cube.ide.mcu.externaltools.gnu-tools-for-stm32.13.3.rel1.win32_1.0.0.202411081344/tools/bin/../lib/gcc/arm-none-eabi/13.3.1/../../../../arm-none-eabi/lib/thumb/v7e-m+dp/hard\libc_nano.a(libc_a-mbtowc_r.o)
                0x0800d188                __ascii_mbtowc
 .text._realloc_r
                0x0800d1ac       0x5c C:/ST/STM32CubeIDE_1.19.0/STM32CubeIDE/plugins/com.st.stm32cube.ide.mcu.externaltools.gnu-tools-for-stm32.13.3.rel1.win32_1.0.0.202411081344/tools/bin/../lib/gcc/arm-none-eabi/13.3.1/../../../../arm-none-eabi/lib/thumb/v7e-m+dp/hard\libc_nano.a(libc_a-reallocr.o)
                0x0800d1ac                _realloc_r
 .text.__ascii_wctomb
                0x0800d208       0x1a C:/ST/STM32CubeIDE_1.19.0/STM32CubeIDE/plugins/com.st.stm32cube.ide.mcu.externaltools.gnu-tools-for-stm32.13.3.rel1.win32_1.0.0.202411081344/tools/bin/../lib/gcc/arm-none-eabi/13.3.1/../../../../arm-none-eabi/lib/thumb/v7e-m+dp/hard\libc_nano.a(libc_a-wctomb_r.o)
                0x0800d208                __ascii_wctomb
 *fill*         0x0800d222        0x2 
 .text.fprintf  0x0800d224       0x24 C:/ST/STM32CubeIDE_1.19.0/STM32CubeIDE/plugins/com.st.stm32cube.ide.mcu.externaltools.gnu-tools-for-stm32.13.3.rel1.win32_1.0.0.202411081344/tools/bin/../lib/gcc/arm-none-eabi/13.3.1/../../../../arm-none-eabi/lib/thumb/v7e-m+dp/hard\libc_nano.a(libc_a-fprintf.o)
                0x0800d224                fiprintf
                0x0800d224                fprintf
 .text.abort    0x0800d248        0xe C:/ST/STM32CubeIDE_1.19.0/STM32CubeIDE/plugins/com.st.stm32cube.ide.mcu.externaltools.gnu-tools-for-stm32.13.3.rel1.win32_1.0.0.202411081344/tools/bin/../lib/gcc/arm-none-eabi/13.3.1/../../../../arm-none-eabi/lib/thumb/v7e-m+dp/hard\libc_nano.a(libc_a-abort.o)
                0x0800d248                abort
 .text._malloc_usable_size_r
                0x0800d256       0x10 C:/ST/STM32CubeIDE_1.19.0/STM32CubeIDE/plugins/com.st.stm32cube.ide.mcu.externaltools.gnu-tools-for-stm32.13.3.rel1.win32_1.0.0.202411081344/tools/bin/../lib/gcc/arm-none-eabi/13.3.1/../../../../arm-none-eabi/lib/thumb/v7e-m+dp/hard\libc_nano.a(libc_a-msizer.o)
                0x0800d256                _malloc_usable_size_r
 .text.__sfputc_r
                0x0800d266       0x2e C:/ST/STM32CubeIDE_1.19.0/STM32CubeIDE/plugins/com.st.stm32cube.ide.mcu.externaltools.gnu-tools-for-stm32.13.3.rel1.win32_1.0.0.202411081344/tools/bin/../lib/gcc/arm-none-eabi/13.3.1/../../../../arm-none-eabi/lib/thumb/v7e-m+dp/hard\libc_nano.a(libc_a-nano-vfprintf.o)
 .text.__sfputs_r
                0x0800d294       0x24 C:/ST/STM32CubeIDE_1.19.0/STM32CubeIDE/plugins/com.st.stm32cube.ide.mcu.externaltools.gnu-tools-for-stm32.13.3.rel1.win32_1.0.0.202411081344/tools/bin/../lib/gcc/arm-none-eabi/13.3.1/../../../../arm-none-eabi/lib/thumb/v7e-m+dp/hard\libc_nano.a(libc_a-nano-vfprintf.o)
                0x0800d294                __sfputs_r
 .text._vfprintf_r
                0x0800d2b8      0x230 C:/ST/STM32CubeIDE_1.19.0/STM32CubeIDE/plugins/com.st.stm32cube.ide.mcu.externaltools.gnu-tools-for-stm32.13.3.rel1.win32_1.0.0.202411081344/tools/bin/../lib/gcc/arm-none-eabi/13.3.1/../../../../arm-none-eabi/lib/thumb/v7e-m+dp/hard\libc_nano.a(libc_a-nano-vfprintf.o)
                0x0800d2b8                _vfprintf_r
                0x0800d2b8                _vfiprintf_r
 .text.__swbuf_r
                0x0800d4e8       0x7c C:/ST/STM32CubeIDE_1.19.0/STM32CubeIDE/plugins/com.st.stm32cube.ide.mcu.externaltools.gnu-tools-for-stm32.13.3.rel1.win32_1.0.0.202411081344/tools/bin/../lib/gcc/arm-none-eabi/13.3.1/../../../../arm-none-eabi/lib/thumb/v7e-m+dp/hard\libc_nano.a(libc_a-wbuf.o)
                0x0800d4e8                __swbuf_r
 .text.__swsetup_r
                0x0800d564       0xac C:/ST/STM32CubeIDE_1.19.0/STM32CubeIDE/plugins/com.st.stm32cube.ide.mcu.externaltools.gnu-tools-for-stm32.13.3.rel1.win32_1.0.0.202411081344/tools/bin/../lib/gcc/arm-none-eabi/13.3.1/../../../../arm-none-eabi/lib/thumb/v7e-m+dp/hard\libc_nano.a(libc_a-wsetup.o)
                0x0800d564                __swsetup_r
 .text._raise_r
                0x0800d610       0x50 C:/ST/STM32CubeIDE_1.19.0/STM32CubeIDE/plugins/com.st.stm32cube.ide.mcu.externaltools.gnu-tools-for-stm32.13.3.rel1.win32_1.0.0.202411081344/tools/bin/../lib/gcc/arm-none-eabi/13.3.1/../../../../arm-none-eabi/lib/thumb/v7e-m+dp/hard\libc_nano.a(libc_a-signal.o)
                0x0800d610                _raise_r
 .text.raise    0x0800d660       0x10 C:/ST/STM32CubeIDE_1.19.0/STM32CubeIDE/plugins/com.st.stm32cube.ide.mcu.externaltools.gnu-tools-for-stm32.13.3.rel1.win32_1.0.0.202411081344/tools/bin/../lib/gcc/arm-none-eabi/13.3.1/../../../../arm-none-eabi/lib/thumb/v7e-m+dp/hard\libc_nano.a(libc_a-signal.o)
                0x0800d660                raise
 .text._kill_r  0x0800d670       0x24 C:/ST/STM32CubeIDE_1.19.0/STM32CubeIDE/plugins/com.st.stm32cube.ide.mcu.externaltools.gnu-tools-for-stm32.13.3.rel1.win32_1.0.0.202411081344/tools/bin/../lib/gcc/arm-none-eabi/13.3.1/../../../../arm-none-eabi/lib/thumb/v7e-m+dp/hard\libc_nano.a(libc_a-signalr.o)
                0x0800d670                _kill_r
 .text._getpid_r
                0x0800d694        0x4 C:/ST/STM32CubeIDE_1.19.0/STM32CubeIDE/plugins/com.st.stm32cube.ide.mcu.externaltools.gnu-tools-for-stm32.13.3.rel1.win32_1.0.0.202411081344/tools/bin/../lib/gcc/arm-none-eabi/13.3.1/../../../../arm-none-eabi/lib/thumb/v7e-m+dp/hard\libc_nano.a(libc_a-signalr.o)
                0x0800d694                _getpid_r
 .text.__swhatbuf_r
                0x0800d698       0x4c C:/ST/STM32CubeIDE_1.19.0/STM32CubeIDE/plugins/com.st.stm32cube.ide.mcu.externaltools.gnu-tools-for-stm32.13.3.rel1.win32_1.0.0.202411081344/tools/bin/../lib/gcc/arm-none-eabi/13.3.1/../../../../arm-none-eabi/lib/thumb/v7e-m+dp/hard\libc_nano.a(libc_a-makebuf.o)
                0x0800d698                __swhatbuf_r
 .text.__smakebuf_r
                0x0800d6e4       0x78 C:/ST/STM32CubeIDE_1.19.0/STM32CubeIDE/plugins/com.st.stm32cube.ide.mcu.externaltools.gnu-tools-for-stm32.13.3.rel1.win32_1.0.0.202411081344/tools/bin/../lib/gcc/arm-none-eabi/13.3.1/../../../../arm-none-eabi/lib/thumb/v7e-m+dp/hard\libc_nano.a(libc_a-makebuf.o)
                0x0800d6e4                __smakebuf_r
 .text._fstat_r
                0x0800d75c       0x24 C:/ST/STM32CubeIDE_1.19.0/STM32CubeIDE/plugins/com.st.stm32cube.ide.mcu.externaltools.gnu-tools-for-stm32.13.3.rel1.win32_1.0.0.202411081344/tools/bin/../lib/gcc/arm-none-eabi/13.3.1/../../../../arm-none-eabi/lib/thumb/v7e-m+dp/hard\libc_nano.a(libc_a-fstatr.o)
                0x0800d75c                _fstat_r
 .text._isatty_r
                0x0800d780       0x20 C:/ST/STM32CubeIDE_1.19.0/STM32CubeIDE/plugins/com.st.stm32cube.ide.mcu.externaltools.gnu-tools-for-stm32.13.3.rel1.win32_1.0.0.202411081344/tools/bin/../lib/gcc/arm-none-eabi/13.3.1/../../../../arm-none-eabi/lib/thumb/v7e-m+dp/hard\libc_nano.a(libc_a-isattyr.o)
                0x0800d780                _isatty_r
 *(.glue_7)
 .glue_7        0x0800d7a0        0x0 linker stubs
 *(.glue_7t)
 .glue_7t       0x0800d7a0        0x0 linker stubs
 *(.eh_frame)
 .eh_frame      0x0800d7a0        0x0 C:/ST/STM32CubeIDE_1.19.0/STM32CubeIDE/plugins/com.st.stm32cube.ide.mcu.externaltools.gnu-tools-for-stm32.13.3.rel1.win32_1.0.0.202411081344/tools/bin/../lib/gcc/arm-none-eabi/13.3.1/thumb/v7e-m+dp/hard/crtbegin.o
 *(.init)
 .init          0x0800d7a0        0x4 C:/ST/STM32CubeIDE_1.19.0/STM32CubeIDE/plugins/com.st.stm32cube.ide.mcu.externaltools.gnu-tools-for-stm32.13.3.rel1.win32_1.0.0.202411081344/tools/bin/../lib/gcc/arm-none-eabi/13.3.1/thumb/v7e-m+dp/hard/crti.o
                0x0800d7a0                _init
 .init          0x0800d7a4        0x8 C:/ST/STM32CubeIDE_1.19.0/STM32CubeIDE/plugins/com.st.stm32cube.ide.mcu.externaltools.gnu-tools-for-stm32.13.3.rel1.win32_1.0.0.202411081344/tools/bin/../lib/gcc/arm-none-eabi/13.3.1/thumb/v7e-m+dp/hard/crtn.o
 *(.fini)
 .fini          0x0800d7ac        0x4 C:/ST/STM32CubeIDE_1.19.0/STM32CubeIDE/plugins/com.st.stm32cube.ide.mcu.externaltools.gnu-tools-for-stm32.13.3.rel1.win32_1.0.0.202411081344/tools/bin/../lib/gcc/arm-none-eabi/13.3.1/thumb/v7e-m+dp/hard/crti.o
                0x0800d7ac                _fini
 .fini          0x0800d7b0        0x8 C:/ST/STM32CubeIDE_1.19.0/STM32CubeIDE/plugins/com.st.stm32cube.ide.mcu.externaltools.gnu-tools-for-stm32.13.3.rel1.win32_1.0.0.202411081344/tools/bin/../lib/gcc/arm-none-eabi/13.3.1/thumb/v7e-m+dp/hard/crtn.o
                0x0800d7b8                        . = ALIGN (0x4)
                0x0800d7b8                        _etext = .

.vfp11_veneer   0x0800d7b8        0x0
 .vfp11_veneer  0x0800d7b8        0x0 linker stubs

.v4_bx          0x0800d7b8        0x0
 .v4_bx         0x0800d7b8        0x0 linker stubs

.iplt           0x0800d7b8        0x0
 .iplt          0x0800d7b8        0x0 C:/ST/STM32CubeIDE_1.19.0/STM32CubeIDE/plugins/com.st.stm32cube.ide.mcu.externaltools.gnu-tools-for-stm32.13.3.rel1.win32_1.0.0.202411081344/tools/bin/../lib/gcc/arm-none-eabi/13.3.1/thumb/v7e-m+dp/hard/crtbegin.o

.rodata         0x0800d7b8    0x14804
                0x0800d7b8                        . = ALIGN (0x4)
 *(.rodata)
 .rodata        0x0800d7b8       0x7f ./Core/Src/main.o
 *fill*         0x0800d837        0x1 
 .rodata        0x0800d838       0x78 ./Core/Src/ssd1306.o
 *(.rodata*)
 .rodata.font_6x8
                0x0800d8b0      0x23a ./Core/Src/ssd1306.o
 *fill*         0x0800daea        0x2 
 .rodata.AHBPrescTable
                0x0800daec       0x10 ./Core/Src/system_stm32f7xx.o
                0x0800daec                AHBPrescTable
 .rodata.APBPrescTable
                0x0800dafc        0x8 ./Core/Src/system_stm32f7xx.o
                0x0800dafc                APBPrescTable
 .rodata.flagBitshiftOffset.0
                0x0800db04        0x8 ./Drivers/STM32F7xx_HAL_Driver/Src/stm32f7xx_hal_dma.o
 .rodata.twiddleCoef_2048
                0x0800db0c     0x4000 C:\Users\yanis\STM32CubeIDE\workspace_1.19.0\projet_L3\projet_L3\Drivers\CMSIS\Lib\GCC\libarm_cortexM7lfsp_math.a(arm_common_tables.o)
                0x0800db0c                twiddleCoef_2048
 .rodata.twiddleCoef_rfft_64
                0x08011b0c      0x100 C:\Users\yanis\STM32CubeIDE\workspace_1.19.0\projet_L3\projet_L3\Drivers\CMSIS\Lib\GCC\libarm_cortexM7lfsp_math.a(arm_common_tables.o)
                0x08011b0c                twiddleCoef_rfft_64
 .rodata.armBitRevIndexTable64
                0x08011c0c       0x70 C:\Users\yanis\STM32CubeIDE\workspace_1.19.0\projet_L3\projet_L3\Drivers\CMSIS\Lib\GCC\libarm_cortexM7lfsp_math.a(arm_common_tables.o)
                0x08011c0c                armBitRevIndexTable64
 .rodata.twiddleCoef_rfft_2048
                0x08011c7c     0x2000 C:\Users\yanis\STM32CubeIDE\workspace_1.19.0\projet_L3\projet_L3\Drivers\CMSIS\Lib\GCC\libarm_cortexM7lfsp_math.a(arm_common_tables.o)
                0x08011c7c                twiddleCoef_rfft_2048
 .rodata.twiddleCoef_rfft_4096
                0x08013c7c     0x4000 C:\Users\yanis\STM32CubeIDE\workspace_1.19.0\projet_L3\projet_L3\Drivers\CMSIS\Lib\GCC\libarm_cortexM7lfsp_math.a(arm_common_tables.o)
                0x08013c7c                twiddleCoef_rfft_4096
 .rodata.twiddleCoef_256
                0x08017c7c      0x800 C:\Users\yanis\STM32CubeIDE\workspace_1.19.0\projet_L3\projet_L3\Drivers\CMSIS\Lib\GCC\libarm_cortexM7lfsp_math.a(arm_common_tables.o)
                0x08017c7c                twiddleCoef_256
 .rodata.twiddleCoef_16
                0x0801847c       0x80 C:\Users\yanis\STM32CubeIDE\workspace_1.19.0\projet_L3\projet_L3\Drivers\CMSIS\Lib\GCC\libarm_cortexM7lfsp_math.a(arm_common_tables.o)
                0x0801847c                twiddleCoef_16
 .rodata.twiddleCoef_1024
                0x080184fc     0x2000 C:\Users\yanis\STM32CubeIDE\workspace_1.19.0\projet_L3\projet_L3\Drivers\CMSIS\Lib\GCC\libarm_cortexM7lfsp_math.a(arm_common_tables.o)
                0x080184fc                twiddleCoef_1024
 .rodata.twiddleCoef_32
                0x0801a4fc      0x100 C:\Users\yanis\STM32CubeIDE\workspace_1.19.0\projet_L3\projet_L3\Drivers\CMSIS\Lib\GCC\libarm_cortexM7lfsp_math.a(arm_common_tables.o)
                0x0801a4fc                twiddleCoef_32
 .rodata.armBitRevIndexTable1024
                0x0801a5fc      0xe10 C:\Users\yanis\STM32CubeIDE\workspace_1.19.0\projet_L3\projet_L3\Drivers\CMSIS\Lib\GCC\libarm_cortexM7lfsp_math.a(arm_common_tables.o)
                0x0801a5fc                armBitRevIndexTable1024
 .rodata.armBitRevIndexTable16
                0x0801b40c       0x28 C:\Users\yanis\STM32CubeIDE\workspace_1.19.0\projet_L3\projet_L3\Drivers\CMSIS\Lib\GCC\libarm_cortexM7lfsp_math.a(arm_common_tables.o)
                0x0801b40c                armBitRevIndexTable16
 .rodata.twiddleCoef_rfft_32
                0x0801b434       0x80 C:\Users\yanis\STM32CubeIDE\workspace_1.19.0\projet_L3\projet_L3\Drivers\CMSIS\Lib\GCC\libarm_cortexM7lfsp_math.a(arm_common_tables.o)
                0x0801b434                twiddleCoef_rfft_32
 .rodata.armBitRevIndexTable32
                0x0801b4b4       0x60 C:\Users\yanis\STM32CubeIDE\workspace_1.19.0\projet_L3\projet_L3\Drivers\CMSIS\Lib\GCC\libarm_cortexM7lfsp_math.a(arm_common_tables.o)
                0x0801b4b4                armBitRevIndexTable32
 .rodata.sinTable_f32
                0x0801b514      0x804 C:\Users\yanis\STM32CubeIDE\workspace_1.19.0\projet_L3\projet_L3\Drivers\CMSIS\Lib\GCC\libarm_cortexM7lfsp_math.a(arm_common_tables.o)
                0x0801b514                sinTable_f32
 .rodata.twiddleCoef_128
                0x0801bd18      0x400 C:\Users\yanis\STM32CubeIDE\workspace_1.19.0\projet_L3\projet_L3\Drivers\CMSIS\Lib\GCC\libarm_cortexM7lfsp_math.a(arm_common_tables.o)
                0x0801bd18                twiddleCoef_128
 .rodata.twiddleCoef_512
                0x0801c118     0x1000 C:\Users\yanis\STM32CubeIDE\workspace_1.19.0\projet_L3\projet_L3\Drivers\CMSIS\Lib\GCC\libarm_cortexM7lfsp_math.a(arm_common_tables.o)
                0x0801c118                twiddleCoef_512
 .rodata.armBitRevIndexTable2048
                0x0801d118     0x1dc0 C:\Users\yanis\STM32CubeIDE\workspace_1.19.0\projet_L3\projet_L3\Drivers\CMSIS\Lib\GCC\libarm_cortexM7lfsp_math.a(arm_common_tables.o)
                0x0801d118                armBitRevIndexTable2048
 .rodata.twiddleCoef_64
                0x0801eed8      0x200 C:\Users\yanis\STM32CubeIDE\workspace_1.19.0\projet_L3\projet_L3\Drivers\CMSIS\Lib\GCC\libarm_cortexM7lfsp_math.a(arm_common_tables.o)
                0x0801eed8                twiddleCoef_64
 .rodata.twiddleCoef_rfft_512
                0x0801f0d8      0x800 C:\Users\yanis\STM32CubeIDE\workspace_1.19.0\projet_L3\projet_L3\Drivers\CMSIS\Lib\GCC\libarm_cortexM7lfsp_math.a(arm_common_tables.o)
                0x0801f0d8                twiddleCoef_rfft_512
 .rodata.armBitRevIndexTable512
                0x0801f8d8      0x380 C:\Users\yanis\STM32CubeIDE\workspace_1.19.0\projet_L3\projet_L3\Drivers\CMSIS\Lib\GCC\libarm_cortexM7lfsp_math.a(arm_common_tables.o)
                0x0801f8d8                armBitRevIndexTable512
 .rodata.twiddleCoef_rfft_1024
                0x0801fc58     0x1000 C:\Users\yanis\STM32CubeIDE\workspace_1.19.0\projet_L3\projet_L3\Drivers\CMSIS\Lib\GCC\libarm_cortexM7lfsp_math.a(arm_common_tables.o)
                0x0801fc58                twiddleCoef_rfft_1024
 .rodata.twiddleCoef_rfft_256
                0x08020c58      0x400 C:\Users\yanis\STM32CubeIDE\workspace_1.19.0\projet_L3\projet_L3\Drivers\CMSIS\Lib\GCC\libarm_cortexM7lfsp_math.a(arm_common_tables.o)
                0x08020c58                twiddleCoef_rfft_256
 .rodata.armBitRevIndexTable256
                0x08021058      0x370 C:\Users\yanis\STM32CubeIDE\workspace_1.19.0\projet_L3\projet_L3\Drivers\CMSIS\Lib\GCC\libarm_cortexM7lfsp_math.a(arm_common_tables.o)
                0x08021058                armBitRevIndexTable256
 .rodata.twiddleCoef_rfft_128
                0x080213c8      0x200 C:\Users\yanis\STM32CubeIDE\workspace_1.19.0\projet_L3\projet_L3\Drivers\CMSIS\Lib\GCC\libarm_cortexM7lfsp_math.a(arm_common_tables.o)
                0x080213c8                twiddleCoef_rfft_128
 .rodata.armBitRevIndexTable128
                0x080215c8      0x1a0 C:\Users\yanis\STM32CubeIDE\workspace_1.19.0\projet_L3\projet_L3\Drivers\CMSIS\Lib\GCC\libarm_cortexM7lfsp_math.a(arm_common_tables.o)
                0x080215c8                armBitRevIndexTable128
 .rodata.log10f.str1.1
                0x08021768      0x171 C:/ST/STM32CubeIDE_1.19.0/STM32CubeIDE/plugins/com.st.stm32cube.ide.mcu.externaltools.gnu-tools-for-stm32.13.3.rel1.win32_1.0.0.202411081344/tools/bin/../lib/gcc/arm-none-eabi/13.3.1/../../../../arm-none-eabi/lib/thumb/v7e-m+dp/hard\libm.a(libm_a-wf_log10.o)
                                  0x1 (size before relaxing)
 *fill*         0x080218d9        0x3 
 .rodata.__inv_pio4
                0x080218dc       0x60 C:/ST/STM32CubeIDE_1.19.0/STM32CubeIDE/plugins/com.st.stm32cube.ide.mcu.externaltools.gnu-tools-for-stm32.13.3.rel1.win32_1.0.0.202411081344/tools/bin/../lib/gcc/arm-none-eabi/13.3.1/../../../../arm-none-eabi/lib/thumb/v7e-m+dp/hard\libm.a(libm_a-sincosf_data.o)
                0x080218dc                __inv_pio4
 *fill*         0x0802193c        0x4 
 .rodata.__sincosf_table
                0x08021940       0xe0 C:/ST/STM32CubeIDE_1.19.0/STM32CubeIDE/plugins/com.st.stm32cube.ide.mcu.externaltools.gnu-tools-for-stm32.13.3.rel1.win32_1.0.0.202411081344/tools/bin/../lib/gcc/arm-none-eabi/13.3.1/../../../../arm-none-eabi/lib/thumb/v7e-m+dp/hard\libm.a(libm_a-sincosf_data.o)
                0x08021940                __sincosf_table
 .rodata.Zero   0x08021a20        0x8 C:/ST/STM32CubeIDE_1.19.0/STM32CubeIDE/plugins/com.st.stm32cube.ide.mcu.externaltools.gnu-tools-for-stm32.13.3.rel1.win32_1.0.0.202411081344/tools/bin/../lib/gcc/arm-none-eabi/13.3.1/../../../../arm-none-eabi/lib/thumb/v7e-m+dp/hard\libm.a(libm_a-ef_fmod.o)
 .rodata.__exp2f_data