../Drivers/CMSIS/Include/core_cm7.h:2229:22:SCB_EnableICache	4	static,ignoring_inline_asm
../Core/Src/main.c:318:17:ip_checksum	24	static
../Core/Src/main.c:340:26:udp_send_raw	48	static
../Core/Src/main.c:421:13:udp_send_adc_frame	48	static
../Core/Src/main.c:476:16:eth_check_link	16	static
../Core/Src/main.c:495:13:eth_start_link	144	static
../Core/Src/main.c:519:6:init_hann_window	16	static
../Core/Src/main.c:532:7:get_sweep_freq	16	static
../Core/Src/main.c:552:6:update_dac_sweep	24	static
../Core/Src/main.c:584:6:process_fft	80	static
../Core/Src/main.c:677:5:main	72	static
../Core/Src/main.c:925:6:SystemClock_Config	88	static
../Core/Src/main.c:989:13:MX_ADC1_Init	24	static
../Core/Src/main.c:1045:13:MX_DAC_Init	16	static
../Core/Src/main.c:1088:13:MX_ETH_Init	8	static
../Core/Src/main.c:1140:13:MX_TIM2_Init	40	static
../Core/Src/main.c:1184:13:MX_TIM4_Init	40	static
../Core/Src/main.c:1228:13:MX_USART3_UART_Init	8	static
../Core/Src/main.c:1262:13:MX_USB_OTG_FS_PCD_Init	8	static
../Core/Src/main.c:1296:13:MX_DMA_Init	16	static
../Core/Src/main.c:1312:13:MX_GPIO_Init	56	static
../Core/Src/main.c:1374:6:HAL_ADC_ConvHalfCpltCallback	16	static
../Core/Src/main.c:1386:6:HAL_ADC_ConvCpltCallback	16	static
../Core/Src/main.c:1397:6:Error_Handler	4	static,ignoring_inline_asm
