../Core/Src/ssd1306.c:77:26:SSD1306_WriteCmd	32	static
../Core/Src/ssd1306.c:104:26:SSD1306_WriteData	32	static
../Core/Src/ssd1306.c:134:19:SSD1306_Init	24	static
../Core/Src/ssd1306.c:252:6:SSD1306_Clear	8	static
../Core/Src/ssd1306.c:260:6:SSD1306_Fill	8	static
../Core/Src/ssd1306.c:275:19:SSD1306_Update	8	static
../Core/Src/ssd1306.c:307:6:SSD1306_DrawPixel	24	static
../Core/Src/ssd1306.c:342:6:SSD1306_DrawChar	32	static
../Core/Src/ssd1306.c:392:6:SSD1306_DrawString	24	static
../Core/Src/ssd1306.c:419:6:SSD1306_DrawHLine	32	static
../Core/Src/ssd1306.c:435:6:SSD1306_FillRect	32	static
../Core/Src/ssd1306.c:491:6:SSD1306_ShowRadar	64	static
